Warning: You are sending unauthenticated requests to the HF Hub. Please set a HF_TOKEN to enable higher rate limits and faster downloads.
[transformers] `torch_dtype` is deprecated! Use `dtype` instead!
Loading weights:   0%|          | 0/355 [00:00<?, ?it/s]Loading weights:  33%|███▎      | 118/355 [00:00<00:00, 1100.27it/s]Loading weights:  80%|███████▉  | 283/355 [00:00<00:00, 1403.99it/s]Loading weights: 100%|██████████| 355/355 [00:00<00:00, 1391.16it/s]
[transformers] The following generation flags are not valid and may be ignored: ['temperature', 'top_p']. Set `TRANSFORMERS_VERBOSITY=info` for more details.
gen shard 1/4: 120 prompts, 0 cells already done
  gen move 0 (null) done
  gen move 1 (code) done
  gen move 2 (factual) done
  gen move 3 (howto) done
  gen move 4 (prose) done
  gen move 5 (math) done
  gen move 6 (email) done
  gen move 7 (summary) done
  gen move 8 (definition) done
  gen move 9 (comparison) done
  gen move 10 (list) done
  gen move 11 (dialogue) done
  gen move 12 (review) done
[W908 14:30:02.649589840 CUDACachingAllocator.cpp:508] expandable_segments: memory mapping failed with OOM on device 0 while trying to map 20971520 bytes (free: 20185088, total: 25285623808).
[W908 14:30:02.787509258 CUDACachingAllocator.cpp:508] expandable_segments: memory mapping failed with OOM on device 0 while trying to map 20971520 bytes (free: 5505024, total: 25285623808).
[W908 14:30:02.935170453 CUDACachingAllocator.cpp:508] expandable_segments: memory mapping failed with OOM on device 0 while trying to map 20971520 bytes (free: 5505024, total: 25285623808).
[W908 14:30:02.135628720 CUDACachingAllocator.cpp:508] expandable_segments: memory mapping failed with OOM on device 0 while trying to map 20971520 bytes (free: 5505024, total: 25285623808).
[W908 14:30:02.291448148 CUDACachingAllocator.cpp:508] expandable_segments: memory mapping failed with OOM on device 0 while trying to map 20971520 bytes (free: 5505024, total: 25285623808).
[W908 14:30:02.461082988 CUDACachingAllocator.cpp:508] expandable_segments: memory mapping failed with OOM on device 0 while trying to map 20971520 bytes (free: 5505024, total: 25285623808).
[W908 14:30:03.640599801 CUDACachingAllocator.cpp:508] expandable_segments: memory mapping failed with OOM on device 0 while trying to map 20971520 bytes (free: 5505024, total: 25285623808).
[W908 14:30:03.793183787 CUDACachingAllocator.cpp:508] expandable_segments: memory mapping failed with OOM on device 0 while trying to map 20971520 bytes (free: 5505024, total: 25285623808).
[W908 14:30:03.893130498 CUDACachingAllocator.cpp:508] expandable_segments: memory mapping failed with OOM on device 0 while trying to map 20971520 bytes (free: 5505024, total: 25285623808).
[W908 14:30:03.939953078 CUDACachingAllocator.cpp:508] expandable_segments: memory mapping failed with OOM on device 0 while trying to map 20971520 bytes (free: 5505024, total: 25285623808).
[W908 14:30:03.077124979 CUDACachingAllocator.cpp:508] expandable_segments: memory mapping failed with OOM on device 0 while trying to map 20971520 bytes (free: 5505024, total: 25285623808).
[W908 14:30:03.183760297 CUDACachingAllocator.cpp:508] expandable_segments: memory mapping failed with OOM on device 0 while trying to map 20971520 bytes (free: 5505024, total: 25285623808).
[W908 14:30:03.316184695 CUDACachingAllocator.cpp:508] expandable_segments: memory mapping failed with OOM on device 0 while trying to map 20971520 bytes (free: 5505024, total: 25285623808).
[W908 14:30:07.040472137 CUDACachingAllocator.cpp:508] expandable_segments: memory mapping failed with OOM on device 0 while trying to map 20971520 bytes (free: 3407872, total: 25285623808).
[W908 14:30:07.173659417 CUDACachingAllocator.cpp:508] expandable_segments: memory mapping failed with OOM on device 0 while trying to map 20971520 bytes (free: 7602176, total: 25285623808).
[W908 14:30:09.724933743 CUDACachingAllocator.cpp:508] expandable_segments: memory mapping failed with OOM on device 0 while trying to map 20971520 bytes (free: 5505024, total: 25285623808).
[W908 14:30:10.930434053 CUDACachingAllocator.cpp:508] expandable_segments: memory mapping failed with OOM on device 0 while trying to map 20971520 bytes (free: 5505024, total: 25285623808).
[W908 14:30:10.336619231 CUDACachingAllocator.cpp:508] expandable_segments: memory mapping failed with OOM on device 0 while trying to map 20971520 bytes (free: 5505024, total: 25285623808).
[W908 14:30:10.520508169 CUDACachingAllocator.cpp:508] expandable_segments: memory mapping failed with OOM on device 0 while trying to map 20971520 bytes (free: 5505024, total: 25285623808).
[W908 14:30:11.792086692 CUDACachingAllocator.cpp:508] expandable_segments: memory mapping failed with OOM on device 0 while trying to map 20971520 bytes (free: 5505024, total: 25285623808).
[W908 14:30:11.094457530 CUDACachingAllocator.cpp:508] expandable_segments: memory mapping failed with OOM on device 0 while trying to map 20971520 bytes (free: 5505024, total: 25285623808).
[W908 14:30:11.285589737 CUDACachingAllocator.cpp:508] expandable_segments: memory mapping failed with OOM on device 0 while trying to map 20971520 bytes (free: 5505024, total: 25285623808).
[W908 14:30:11.459934951 CUDACachingAllocator.cpp:508] expandable_segments: memory mapping failed with OOM on device 0 while trying to map 20971520 bytes (free: 5505024, total: 25285623808).
[W908 14:30:12.633355632 CUDACachingAllocator.cpp:508] expandable_segments: memory mapping failed with OOM on device 0 while trying to map 20971520 bytes (free: 5505024, total: 25285623808).
[W908 14:30:12.751522109 CUDACachingAllocator.cpp:508] expandable_segments: memory mapping failed with OOM on device 0 while trying to map 20971520 bytes (free: 5505024, total: 25285623808).
[W908 14:30:12.919770458 CUDACachingAllocator.cpp:508] expandable_segments: memory mapping failed with OOM on device 0 while trying to map 20971520 bytes (free: 5505024, total: 25285623808).
[W908 14:30:12.029039503 CUDACachingAllocator.cpp:508] expandable_segments: memory mapping failed with OOM on device 0 while trying to map 20971520 bytes (free: 5505024, total: 25285623808).
[W908 14:30:12.206693814 CUDACachingAllocator.cpp:508] expandable_segments: memory mapping failed with OOM on device 0 while trying to map 20971520 bytes (free: 5505024, total: 25285623808).
[W908 14:30:12.322209366 CUDACachingAllocator.cpp:508] expandable_segments: memory mapping failed with OOM on device 0 while trying to map 20971520 bytes (free: 5505024, total: 25285623808).
[W908 14:30:12.487385982 CUDACachingAllocator.cpp:508] expandable_segments: memory mapping failed with OOM on device 0 while trying to map 20971520 bytes (free: 5505024, total: 25285623808).
[W908 14:30:13.665959827 CUDACachingAllocator.cpp:508] expandable_segments: memory mapping failed with OOM on device 0 while trying to map 20971520 bytes (free: 5505024, total: 25285623808).
[W908 14:30:13.839814948 CUDACachingAllocator.cpp:508] expandable_segments: memory mapping failed with OOM on device 0 while trying to map 20971520 bytes (free: 5505024, total: 25285623808).
[W908 14:30:13.156193991 CUDACachingAllocator.cpp:508] expandable_segments: memory mapping failed with OOM on device 0 while trying to map 20971520 bytes (free: 5505024, total: 25285623808).
[W908 14:30:13.268604356 CUDACachingAllocator.cpp:508] expandable_segments: memory mapping failed with OOM on device 0 while trying to map 20971520 bytes (free: 5505024, total: 25285623808).
[W908 14:30:13.417903717 CUDACachingAllocator.cpp:508] expandable_segments: memory mapping failed with OOM on device 0 while trying to map 20971520 bytes (free: 5505024, total: 25285623808).
[W908 14:30:13.528653267 CUDACachingAllocator.cpp:508] expandable_segments: memory mapping failed with OOM on device 0 while trying to map 20971520 bytes (free: 5505024, total: 25285623808).
[W908 14:30:14.638781277 CUDACachingAllocator.cpp:508] expandable_segments: memory mapping failed with OOM on device 0 while trying to map 20971520 bytes (free: 5505024, total: 25285623808).
[W908 14:30:14.899225280 CUDACachingAllocator.cpp:508] expandable_segments: memory mapping failed with OOM on device 0 while trying to map 20971520 bytes (free: 5505024, total: 25285623808).
[W908 14:30:14.004034128 CUDACachingAllocator.cpp:508] expandable_segments: memory mapping failed with OOM on device 0 while trying to map 20971520 bytes (free: 5505024, total: 25285623808).
[W908 14:30:14.105283112 CUDACachingAllocator.cpp:508] expandable_segments: memory mapping failed with OOM on device 0 while trying to map 20971520 bytes (free: 5505024, total: 25285623808).
[W908 14:30:14.204449234 CUDACachingAllocator.cpp:508] expandable_segments: memory mapping failed with OOM on device 0 while trying to map 20971520 bytes (free: 5505024, total: 25285623808).
[W908 14:30:14.301508453 CUDACachingAllocator.cpp:508] expandable_segments: memory mapping failed with OOM on device 0 while trying to map 20971520 bytes (free: 5505024, total: 25285623808).
[W908 14:30:14.391937837 CUDACachingAllocator.cpp:508] expandable_segments: memory mapping failed with OOM on device 0 while trying to map 20971520 bytes (free: 5505024, total: 25285623808).
[W908 14:30:14.443436102 CUDACachingAllocator.cpp:508] expandable_segments: memory mapping failed with OOM on device 0 while trying to map 20971520 bytes (free: 5505024, total: 25285623808).
[W908 14:30:14.504791731 CUDACachingAllocator.cpp:508] expandable_segments: memory mapping failed with OOM on device 0 while trying to map 20971520 bytes (free: 5505024, total: 25285623808).
[W908 14:30:14.583740707 CUDACachingAllocator.cpp:508] expandable_segments: memory mapping failed with OOM on device 0 while trying to map 20971520 bytes (free: 5505024, total: 25285623808).
[W908 14:30:15.621855324 CUDACachingAllocator.cpp:508] expandable_segments: memory mapping failed with OOM on device 0 while trying to map 20971520 bytes (free: 5505024, total: 25285623808).
[W908 14:30:15.713803438 CUDACachingAllocator.cpp:508] expandable_segments: memory mapping failed with OOM on device 0 while trying to map 20971520 bytes (free: 5505024, total: 25285623808).
[W908 14:30:15.866159500 CUDACachingAllocator.cpp:508] expandable_segments: memory mapping failed with OOM on device 0 while trying to map 20971520 bytes (free: 5505024, total: 25285623808).
[W908 14:30:15.967359592 CUDACachingAllocator.cpp:508] expandable_segments: memory mapping failed with OOM on device 0 while trying to map 20971520 bytes (free: 5505024, total: 25285623808).
[W908 14:30:15.068985951 CUDACachingAllocator.cpp:508] expandable_segments: memory mapping failed with OOM on device 0 while trying to map 20971520 bytes (free: 5505024, total: 25285623808).
[W908 14:30:15.170257646 CUDACachingAllocator.cpp:508] expandable_segments: memory mapping failed with OOM on device 0 while trying to map 20971520 bytes (free: 5505024, total: 25285623808).
[W908 14:30:15.285722464 CUDACachingAllocator.cpp:508] expandable_segments: memory mapping failed with OOM on device 0 while trying to map 20971520 bytes (free: 5505024, total: 25285623808).
[W908 14:30:15.437371938 CUDACachingAllocator.cpp:508] expandable_segments: memory mapping failed with OOM on device 0 while trying to map 20971520 bytes (free: 5505024, total: 25285623808).
[W908 14:30:16.598702364 CUDACachingAllocator.cpp:508] expandable_segments: memory mapping failed with OOM on device 0 while trying to map 20971520 bytes (free: 5505024, total: 25285623808).
[W908 14:30:16.760461212 CUDACachingAllocator.cpp:508] expandable_segments: memory mapping failed with OOM on device 0 while trying to map 20971520 bytes (free: 5505024, total: 25285623808).
[W908 14:30:16.883912026 CUDACachingAllocator.cpp:508] expandable_segments: memory mapping failed with OOM on device 0 while trying to map 20971520 bytes (free: 5505024, total: 25285623808).
[W908 14:30:16.048183009 CUDACachingAllocator.cpp:508] expandable_segments: memory mapping failed with OOM on device 0 while trying to map 20971520 bytes (free: 5505024, total: 25285623808).
[W908 14:30:16.143245197 CUDACachingAllocator.cpp:508] expandable_segments: memory mapping failed with OOM on device 0 while trying to map 20971520 bytes (free: 5505024, total: 25285623808).
[W908 14:30:16.236868061 CUDACachingAllocator.cpp:508] expandable_segments: memory mapping failed with OOM on device 0 while trying to map 20971520 bytes (free: 5505024, total: 25285623808).
[W908 14:30:16.338853707 CUDACachingAllocator.cpp:508] expandable_segments: memory mapping failed with OOM on device 0 while trying to map 20971520 bytes (free: 5505024, total: 25285623808).
[W908 14:30:16.488420496 CUDACachingAllocator.cpp:508] expandable_segments: memory mapping failed with OOM on device 0 while trying to map 20971520 bytes (free: 5505024, total: 25285623808).
[W908 14:30:16.572562832 CUDACachingAllocator.cpp:508] expandable_segments: memory mapping failed with OOM on device 0 while trying to map 20971520 bytes (free: 5505024, total: 25285623808).
[W908 14:30:17.607956620 CUDACachingAllocator.cpp:508] expandable_segments: memory mapping failed with OOM on device 0 while trying to map 20971520 bytes (free: 5505024, total: 25285623808).
[W908 14:30:17.680865626 CUDACachingAllocator.cpp:508] expandable_segments: memory mapping failed with OOM on device 0 while trying to map 20971520 bytes (free: 5505024, total: 25285623808).
[W908 14:30:17.724734068 CUDACachingAllocator.cpp:508] expandable_segments: memory mapping failed with OOM on device 0 while trying to map 20971520 bytes (free: 5505024, total: 25285623808).
[W908 14:30:17.816729449 CUDACachingAllocator.cpp:508] expandable_segments: memory mapping failed with OOM on device 0 while trying to map 20971520 bytes (free: 5505024, total: 25285623808).
[W908 14:30:17.891341751 CUDACachingAllocator.cpp:508] expandable_segments: memory mapping failed with OOM on device 0 while trying to map 20971520 bytes (free: 5505024, total: 25285623808).
[W908 14:30:17.929259126 CUDACachingAllocator.cpp:508] expandable_segments: memory mapping failed with OOM on device 0 while trying to map 20971520 bytes (free: 5505024, total: 25285623808).
[W908 14:30:17.002622502 CUDACachingAllocator.cpp:508] expandable_segments: memory mapping failed with OOM on device 0 while trying to map 20971520 bytes (free: 5505024, total: 25285623808).
[W908 14:30:17.028527657 CUDACachingAllocator.cpp:508] expandable_segments: memory mapping failed with OOM on device 0 while trying to map 20971520 bytes (free: 5505024, total: 25285623808).
[W908 14:30:17.063785355 CUDACachingAllocator.cpp:508] expandable_segments: memory mapping failed with OOM on device 0 while trying to map 20971520 bytes (free: 5505024, total: 25285623808).
[W908 14:30:17.097946348 CUDACachingAllocator.cpp:508] expandable_segments: memory mapping failed with OOM on device 0 while trying to map 20971520 bytes (free: 5505024, total: 25285623808).
[W908 14:30:17.129090214 CUDACachingAllocator.cpp:508] expandable_segments: memory mapping failed with OOM on device 0 while trying to map 20971520 bytes (free: 5505024, total: 25285623808).
[W908 14:30:17.165781528 CUDACachingAllocator.cpp:508] expandable_segments: memory mapping failed with OOM on device 0 while trying to map 20971520 bytes (free: 5505024, total: 25285623808).
[W908 14:30:17.233307452 CUDACachingAllocator.cpp:508] expandable_segments: memory mapping failed with OOM on device 0 while trying to map 20971520 bytes (free: 5505024, total: 25285623808).
[W908 14:30:17.296026435 CUDACachingAllocator.cpp:508] expandable_segments: memory mapping failed with OOM on device 0 while trying to map 20971520 bytes (free: 5505024, total: 25285623808).
[W908 14:30:17.326790514 CUDACachingAllocator.cpp:508] expandable_segments: memory mapping failed with OOM on device 0 while trying to map 20971520 bytes (free: 5505024, total: 25285623808).
[W908 14:30:17.373165288 CUDACachingAllocator.cpp:508] expandable_segments: memory mapping failed with OOM on device 0 while trying to map 20971520 bytes (free: 5505024, total: 25285623808).
[W908 14:30:17.412439602 CUDACachingAllocator.cpp:508] expandable_segments: memory mapping failed with OOM on device 0 while trying to map 20971520 bytes (free: 5505024, total: 25285623808).
[W908 14:30:17.456713099 CUDACachingAllocator.cpp:508] expandable_segments: memory mapping failed with OOM on device 0 while trying to map 20971520 bytes (free: 5505024, total: 25285623808).
[W908 14:30:17.473274292 CUDACachingAllocator.cpp:508] expandable_segments: memory mapping failed with OOM on device 0 while trying to map 20971520 bytes (free: 5505024, total: 25285623808).
[W908 14:30:17.497186257 CUDACachingAllocator.cpp:508] expandable_segments: memory mapping failed with OOM on device 0 while trying to map 20971520 bytes (free: 5505024, total: 25285623808).
[W908 14:30:17.523567394 CUDACachingAllocator.cpp:508] expandable_segments: memory mapping failed with OOM on device 0 while trying to map 20971520 bytes (free: 5505024, total: 25285623808).
[W908 14:30:17.573575966 CUDACachingAllocator.cpp:508] expandable_segments: memory mapping failed with OOM on device 0 while trying to map 20971520 bytes (free: 5505024, total: 25285623808).
[W908 14:30:18.593312304 CUDACachingAllocator.cpp:508] expandable_segments: memory mapping failed with OOM on device 0 while trying to map 20971520 bytes (free: 5505024, total: 25285623808).
[W908 14:30:18.613007571 CUDACachingAllocator.cpp:508] expandable_segments: memory mapping failed with OOM on device 0 while trying to map 20971520 bytes (free: 5505024, total: 25285623808).
[W908 14:30:18.637444970 CUDACachingAllocator.cpp:508] expandable_segments: memory mapping failed with OOM on device 0 while trying to map 20971520 bytes (free: 5505024, total: 25285623808).
[W908 14:30:18.655404426 CUDACachingAllocator.cpp:508] expandable_segments: memory mapping failed with OOM on device 0 while trying to map 20971520 bytes (free: 5505024, total: 25285623808).
[W908 14:30:18.674487454 CUDACachingAllocator.cpp:508] expandable_segments: memory mapping failed with OOM on device 0 while trying to map 20971520 bytes (free: 5505024, total: 25285623808).
[W908 14:30:18.702388774 CUDACachingAllocator.cpp:508] expandable_segments: memory mapping failed with OOM on device 0 while trying to map 20971520 bytes (free: 5505024, total: 25285623808).
[W908 14:30:18.726142492 CUDACachingAllocator.cpp:508] expandable_segments: memory mapping failed with OOM on device 0 while trying to map 20971520 bytes (free: 5505024, total: 25285623808).
[W908 14:30:18.750329127 CUDACachingAllocator.cpp:508] expandable_segments: memory mapping failed with OOM on device 0 while trying to map 20971520 bytes (free: 5505024, total: 25285623808).
[W908 14:30:18.780779755 CUDACachingAllocator.cpp:508] expandable_segments: memory mapping failed with OOM on device 0 while trying to map 20971520 bytes (free: 5505024, total: 25285623808).
[W908 14:30:18.833506188 CUDACachingAllocator.cpp:508] expandable_segments: memory mapping failed with OOM on device 0 while trying to map 20971520 bytes (free: 5505024, total: 25285623808).
[W908 14:30:18.857159047 CUDACachingAllocator.cpp:508] expandable_segments: memory mapping failed with OOM on device 0 while trying to map 20971520 bytes (free: 5505024, total: 25285623808).
[W908 14:30:18.888290838 CUDACachingAllocator.cpp:508] expandable_segments: memory mapping failed with OOM on device 0 while trying to map 20971520 bytes (free: 5505024, total: 25285623808).
[W908 14:30:18.901550705 CUDACachingAllocator.cpp:508] expandable_segments: memory mapping failed with OOM on device 0 while trying to map 20971520 bytes (free: 5505024, total: 25285623808).
[W908 14:30:18.920727759 CUDACachingAllocator.cpp:508] expandable_segments: memory mapping failed with OOM on device 0 while trying to map 20971520 bytes (free: 5505024, total: 25285623808).
[W908 14:30:18.944846161 CUDACachingAllocator.cpp:508] expandable_segments: memory mapping failed with OOM on device 0 while trying to map 20971520 bytes (free: 5505024, total: 25285623808).
[W908 14:30:18.970814471 CUDACachingAllocator.cpp:508] expandable_segments: memory mapping failed with OOM on device 0 while trying to map 20971520 bytes (free: 5505024, total: 25285623808).
[W908 14:30:18.989156917 CUDACachingAllocator.cpp:508] expandable_segments: memory mapping failed with OOM on device 0 while trying to map 20971520 bytes (free: 5505024, total: 25285623808).
[W908 14:30:18.009259629 CUDACachingAllocator.cpp:508] expandable_segments: memory mapping failed with OOM on device 0 while trying to map 20971520 bytes (free: 5505024, total: 25285623808).
[W908 14:30:18.034616648 CUDACachingAllocator.cpp:508] expandable_segments: memory mapping failed with OOM on device 0 while trying to map 20971520 bytes (free: 5505024, total: 25285623808).
[W908 14:30:18.053587627 CUDACachingAllocator.cpp:508] expandable_segments: memory mapping failed with OOM on device 0 while trying to map 20971520 bytes (free: 5505024, total: 25285623808).
[W908 14:30:18.086692547 CUDACachingAllocator.cpp:508] expandable_segments: memory mapping failed with OOM on device 0 while trying to map 20971520 bytes (free: 5505024, total: 25285623808).
[W908 14:30:18.106625302 CUDACachingAllocator.cpp:508] expandable_segments: memory mapping failed with OOM on device 0 while trying to map 20971520 bytes (free: 5505024, total: 25285623808).
[W908 14:30:18.132400224 CUDACachingAllocator.cpp:508] expandable_segments: memory mapping failed with OOM on device 0 while trying to map 20971520 bytes (free: 5505024, total: 25285623808).
[W908 14:30:18.161214883 CUDACachingAllocator.cpp:508] expandable_segments: memory mapping failed with OOM on device 0 while trying to map 20971520 bytes (free: 5505024, total: 25285623808).
[W908 14:30:18.184497070 CUDACachingAllocator.cpp:508] expandable_segments: memory mapping failed with OOM on device 0 while trying to map 20971520 bytes (free: 5505024, total: 25285623808).
[W908 14:30:18.219855174 CUDACachingAllocator.cpp:508] expandable_segments: memory mapping failed with OOM on device 0 while trying to map 20971520 bytes (free: 5505024, total: 25285623808).
[W908 14:30:18.240388359 CUDACachingAllocator.cpp:508] expandable_segments: memory mapping failed with OOM on device 0 while trying to map 20971520 bytes (free: 5505024, total: 25285623808).
[W908 14:30:18.253535269 CUDACachingAllocator.cpp:508] expandable_segments: memory mapping failed with OOM on device 0 while trying to map 20971520 bytes (free: 5505024, total: 25285623808).
[W908 14:30:18.272242844 CUDACachingAllocator.cpp:508] expandable_segments: memory mapping failed with OOM on device 0 while trying to map 20971520 bytes (free: 5505024, total: 25285623808).
[W908 14:30:18.292639001 CUDACachingAllocator.cpp:508] expandable_segments: memory mapping failed with OOM on device 0 while trying to map 20971520 bytes (free: 5505024, total: 25285623808).
[W908 14:30:18.307964768 CUDACachingAllocator.cpp:508] expandable_segments: memory mapping failed with OOM on device 0 while trying to map 20971520 bytes (free: 5505024, total: 25285623808).
[W908 14:30:18.343412684 CUDACachingAllocator.cpp:508] expandable_segments: memory mapping failed with OOM on device 0 while trying to map 20971520 bytes (free: 5505024, total: 25285623808).
[W908 14:30:18.382895607 CUDACachingAllocator.cpp:508] expandable_segments: memory mapping failed with OOM on device 0 while trying to map 20971520 bytes (free: 5505024, total: 25285623808).
[W908 14:30:18.406050999 CUDACachingAllocator.cpp:508] expandable_segments: memory mapping failed with OOM on device 0 while trying to map 20971520 bytes (free: 5505024, total: 25285623808).
[W908 14:30:18.422857194 CUDACachingAllocator.cpp:508] expandable_segments: memory mapping failed with OOM on device 0 while trying to map 20971520 bytes (free: 5505024, total: 25285623808).
[W908 14:30:18.438493930 CUDACachingAllocator.cpp:508] expandable_segments: memory mapping failed with OOM on device 0 while trying to map 20971520 bytes (free: 5505024, total: 25285623808).
[W908 14:30:18.459274420 CUDACachingAllocator.cpp:508] expandable_segments: memory mapping failed with OOM on device 0 while trying to map 20971520 bytes (free: 5505024, total: 25285623808).
[W908 14:30:18.478468706 CUDACachingAllocator.cpp:508] expandable_segments: memory mapping failed with OOM on device 0 while trying to map 20971520 bytes (free: 5505024, total: 25285623808).
[W908 14:30:18.500782303 CUDACachingAllocator.cpp:508] expandable_segments: memory mapping failed with OOM on device 0 while trying to map 20971520 bytes (free: 5505024, total: 25285623808).
[W908 14:30:18.511743639 CUDACachingAllocator.cpp:508] expandable_segments: memory mapping failed with OOM on device 0 while trying to map 20971520 bytes (free: 5505024, total: 25285623808).
[W908 14:30:18.527673505 CUDACachingAllocator.cpp:508] expandable_segments: memory mapping failed with OOM on device 0 while trying to map 20971520 bytes (free: 5505024, total: 25285623808).
[W908 14:30:18.544431237 CUDACachingAllocator.cpp:508] expandable_segments: memory mapping failed with OOM on device 0 while trying to map 20971520 bytes (free: 5505024, total: 25285623808).
[W908 14:30:18.563682363 CUDACachingAllocator.cpp:508] expandable_segments: memory mapping failed with OOM on device 0 while trying to map 20971520 bytes (free: 5505024, total: 25285623808).
[W908 14:30:18.582678650 CUDACachingAllocator.cpp:508] expandable_segments: memory mapping failed with OOM on device 0 while trying to map 20971520 bytes (free: 5505024, total: 25285623808).
[W908 14:30:19.591179644 CUDACachingAllocator.cpp:508] expandable_segments: memory mapping failed with OOM on device 0 while trying to map 20971520 bytes (free: 5505024, total: 25285623808).
[W908 14:30:19.604014921 CUDACachingAllocator.cpp:508] expandable_segments: memory mapping failed with OOM on device 0 while trying to map 20971520 bytes (free: 5505024, total: 25285623808).
[W908 14:30:19.615528203 CUDACachingAllocator.cpp:508] expandable_segments: memory mapping failed with OOM on device 0 while trying to map 20971520 bytes (free: 5505024, total: 25285623808).
[W908 14:30:19.635589743 CUDACachingAllocator.cpp:508] expandable_segments: memory mapping failed with OOM on device 0 while trying to map 20971520 bytes (free: 5505024, total: 25285623808).
[W908 14:30:19.642958402 CUDACachingAllocator.cpp:508] expandable_segments: memory mapping failed with OOM on device 0 while trying to map 20971520 bytes (free: 5505024, total: 25285623808).
[W908 14:30:19.652105488 CUDACachingAllocator.cpp:508] expandable_segments: memory mapping failed with OOM on device 0 while trying to map 20971520 bytes (free: 5505024, total: 25285623808).
[W908 14:30:19.662707783 CUDACachingAllocator.cpp:508] expandable_segments: memory mapping failed with OOM on device 0 while trying to map 20971520 bytes (free: 5505024, total: 25285623808).
[W908 14:30:19.678051043 CUDACachingAllocator.cpp:508] expandable_segments: memory mapping failed with OOM on device 0 while trying to map 20971520 bytes (free: 5505024, total: 25285623808).
[W908 14:30:19.692197730 CUDACachingAllocator.cpp:508] expandable_segments: memory mapping failed with OOM on device 0 while trying to map 20971520 bytes (free: 5505024, total: 25285623808).
[W908 14:30:19.711691406 CUDACachingAllocator.cpp:508] expandable_segments: memory mapping failed with OOM on device 0 while trying to map 20971520 bytes (free: 5505024, total: 25285623808).
[W908 14:30:19.723972239 CUDACachingAllocator.cpp:508] expandable_segments: memory mapping failed with OOM on device 0 while trying to map 20971520 bytes (free: 5505024, total: 25285623808).
[W908 14:30:19.735145482 CUDACachingAllocator.cpp:508] expandable_segments: memory mapping failed with OOM on device 0 while trying to map 20971520 bytes (free: 5505024, total: 25285623808).
[W908 14:30:19.759128026 CUDACachingAllocator.cpp:508] expandable_segments: memory mapping failed with OOM on device 0 while trying to map 20971520 bytes (free: 5505024, total: 25285623808).
[W908 14:30:19.774403473 CUDACachingAllocator.cpp:508] expandable_segments: memory mapping failed with OOM on device 0 while trying to map 20971520 bytes (free: 5505024, total: 25285623808).
[W908 14:30:19.792984268 CUDACachingAllocator.cpp:508] expandable_segments: memory mapping failed with OOM on device 0 while trying to map 20971520 bytes (free: 5505024, total: 25285623808).
[W908 14:30:19.809517957 CUDACachingAllocator.cpp:508] expandable_segments: memory mapping failed with OOM on device 0 while trying to map 20971520 bytes (free: 5505024, total: 25285623808).
[W908 14:30:19.828490160 CUDACachingAllocator.cpp:508] expandable_segments: memory mapping failed with OOM on device 0 while trying to map 20971520 bytes (free: 5505024, total: 25285623808).
[W908 14:30:19.878726827 CUDACachingAllocator.cpp:508] expandable_segments: memory mapping failed with OOM on device 0 while trying to map 20971520 bytes (free: 5505024, total: 25285623808).
[W908 14:30:19.893537906 CUDACachingAllocator.cpp:508] expandable_segments: memory mapping failed with OOM on device 0 while trying to map 20971520 bytes (free: 5505024, total: 25285623808).
[W908 14:30:19.909643780 CUDACachingAllocator.cpp:508] expandable_segments: memory mapping failed with OOM on device 0 while trying to map 20971520 bytes (free: 5505024, total: 25285623808).
[W908 14:30:19.923308102 CUDACachingAllocator.cpp:508] expandable_segments: memory mapping failed with OOM on device 0 while trying to map 20971520 bytes (free: 5505024, total: 25285623808).
[W908 14:30:19.948320707 CUDACachingAllocator.cpp:508] expandable_segments: memory mapping failed with OOM on device 0 while trying to map 20971520 bytes (free: 5505024, total: 25285623808).
[W908 14:30:19.967016792 CUDACachingAllocator.cpp:508] expandable_segments: memory mapping failed with OOM on device 0 while trying to map 20971520 bytes (free: 5505024, total: 25285623808).
[W908 14:30:19.985929408 CUDACachingAllocator.cpp:508] expandable_segments: memory mapping failed with OOM on device 0 while trying to map 20971520 bytes (free: 5505024, total: 25285623808).
[W908 14:30:19.998373674 CUDACachingAllocator.cpp:508] expandable_segments: memory mapping failed with OOM on device 0 while trying to map 20971520 bytes (free: 5505024, total: 25285623808).
[W908 14:30:19.010612998 CUDACachingAllocator.cpp:508] expandable_segments: memory mapping failed with OOM on device 0 while trying to map 20971520 bytes (free: 5505024, total: 25285623808).
[W908 14:30:19.022244251 CUDACachingAllocator.cpp:508] expandable_segments: memory mapping failed with OOM on device 0 while trying to map 20971520 bytes (free: 5505024, total: 25285623808).
[W908 14:30:19.035463925 CUDACachingAllocator.cpp:508] expandable_segments: memory mapping failed with OOM on device 0 while trying to map 20971520 bytes (free: 5505024, total: 25285623808).
[W908 14:30:19.064035825 CUDACachingAllocator.cpp:508] expandable_segments: memory mapping failed with OOM on device 0 while trying to map 20971520 bytes (free: 5505024, total: 25285623808).
[W908 14:30:19.078792041 CUDACachingAllocator.cpp:508] expandable_segments: memory mapping failed with OOM on device 0 while trying to map 20971520 bytes (free: 5505024, total: 25285623808).
[W908 14:30:19.101968291 CUDACachingAllocator.cpp:508] expandable_segments: memory mapping failed with OOM on device 0 while trying to map 20971520 bytes (free: 5505024, total: 25285623808).
[W908 14:30:19.114984144 CUDACachingAllocator.cpp:508] expandable_segments: memory mapping failed with OOM on device 0 while trying to map 20971520 bytes (free: 5505024, total: 25285623808).
[W908 14:30:19.130695588 CUDACachingAllocator.cpp:508] expandable_segments: memory mapping failed with OOM on device 0 while trying to map 20971520 bytes (free: 5505024, total: 25285623808).
[W908 14:30:19.141096421 CUDACachingAllocator.cpp:508] expandable_segments: memory mapping failed with OOM on device 0 while trying to map 20971520 bytes (free: 5505024, total: 25285623808).
[W908 14:30:19.150810533 CUDACachingAllocator.cpp:508] expandable_segments: memory mapping failed with OOM on device 0 while trying to map 20971520 bytes (free: 5505024, total: 25285623808).
[W908 14:30:19.164120231 CUDACachingAllocator.cpp:508] expandable_segments: memory mapping failed with OOM on device 0 while trying to map 20971520 bytes (free: 5505024, total: 25285623808).
[W908 14:30:19.178394092 CUDACachingAllocator.cpp:508] expandable_segments: memory mapping failed with OOM on device 0 while trying to map 20971520 bytes (free: 5505024, total: 25285623808).
[W908 14:30:19.191688691 CUDACachingAllocator.cpp:508] expandable_segments: memory mapping failed with OOM on device 0 while trying to map 20971520 bytes (free: 5505024, total: 25285623808).
[W908 14:30:19.211626187 CUDACachingAllocator.cpp:508] expandable_segments: memory mapping failed with OOM on device 0 while trying to map 20971520 bytes (free: 5505024, total: 25285623808).
[W908 14:30:19.226452477 CUDACachingAllocator.cpp:508] expandable_segments: memory mapping failed with OOM on device 0 while trying to map 20971520 bytes (free: 5505024, total: 25285623808).
[W908 14:30:19.256948582 CUDACachingAllocator.cpp:508] expandable_segments: memory mapping failed with OOM on device 0 while trying to map 20971520 bytes (free: 5505024, total: 25285623808).
[W908 14:30:19.287463166 CUDACachingAllocator.cpp:508] expandable_segments: memory mapping failed with OOM on device 0 while trying to map 20971520 bytes (free: 5505024, total: 25285623808).
[W908 14:30:19.307572621 CUDACachingAllocator.cpp:508] expandable_segments: memory mapping failed with OOM on device 0 while trying to map 20971520 bytes (free: 5505024, total: 25285623808).
[W908 14:30:19.322080620 CUDACachingAllocator.cpp:508] expandable_segments: memory mapping failed with OOM on device 0 while trying to map 20971520 bytes (free: 5505024, total: 25285623808).
[W908 14:30:19.340462015 CUDACachingAllocator.cpp:508] expandable_segments: memory mapping failed with OOM on device 0 while trying to map 20971520 bytes (free: 5505024, total: 25285623808).
[W908 14:30:19.352889930 CUDACachingAllocator.cpp:508] expandable_segments: memory mapping failed with OOM on device 0 while trying to map 20971520 bytes (free: 5505024, total: 25285623808).
[W908 14:30:19.404550710 CUDACachingAllocator.cpp:508] expandable_segments: memory mapping failed with OOM on device 0 while trying to map 20971520 bytes (free: 5505024, total: 25285623808).
[W908 14:30:19.419719945 CUDACachingAllocator.cpp:508] expandable_segments: memory mapping failed with OOM on device 0 while trying to map 20971520 bytes (free: 5505024, total: 25285623808).
[W908 14:30:19.433044906 CUDACachingAllocator.cpp:508] expandable_segments: memory mapping failed with OOM on device 0 while trying to map 20971520 bytes (free: 5505024, total: 25285623808).
[W908 14:30:19.443550650 CUDACachingAllocator.cpp:508] expandable_segments: memory mapping failed with OOM on device 0 while trying to map 20971520 bytes (free: 5505024, total: 25285623808).
[W908 14:30:19.452502873 CUDACachingAllocator.cpp:508] expandable_segments: memory mapping failed with OOM on device 0 while trying to map 20971520 bytes (free: 5505024, total: 25285623808).
[W908 14:30:19.459574606 CUDACachingAllocator.cpp:508] expandable_segments: memory mapping failed with OOM on device 0 while trying to map 20971520 bytes (free: 5505024, total: 25285623808).
[W908 14:30:19.469633802 CUDACachingAllocator.cpp:508] expandable_segments: memory mapping failed with OOM on device 0 while trying to map 20971520 bytes (free: 5505024, total: 25285623808).
[W908 14:30:19.480699619 CUDACachingAllocator.cpp:508] expandable_segments: memory mapping failed with OOM on device 0 while trying to map 20971520 bytes (free: 5505024, total: 25285623808).
[W908 14:30:19.505190273 CUDACachingAllocator.cpp:508] expandable_segments: memory mapping failed with OOM on device 0 while trying to map 20971520 bytes (free: 5505024, total: 25285623808).
[W908 14:30:19.512554907 CUDACachingAllocator.cpp:508] expandable_segments: memory mapping failed with OOM on device 0 while trying to map 20971520 bytes (free: 5505024, total: 25285623808).
[W908 14:30:19.526038081 CUDACachingAllocator.cpp:508] expandable_segments: memory mapping failed with OOM on device 0 while trying to map 20971520 bytes (free: 5505024, total: 25285623808).
[W908 14:30:19.544520794 CUDACachingAllocator.cpp:508] expandable_segments: memory mapping failed with OOM on device 0 while trying to map 20971520 bytes (free: 5505024, total: 25285623808).
[W908 14:30:19.559640208 CUDACachingAllocator.cpp:508] expandable_segments: memory mapping failed with OOM on device 0 while trying to map 20971520 bytes (free: 5505024, total: 25285623808).
[W908 14:30:19.568137579 CUDACachingAllocator.cpp:508] expandable_segments: memory mapping failed with OOM on device 0 while trying to map 20971520 bytes (free: 5505024, total: 25285623808).
[W908 14:30:19.576819449 CUDACachingAllocator.cpp:508] expandable_segments: memory mapping failed with OOM on device 0 while trying to map 20971520 bytes (free: 5505024, total: 25285623808).
[W908 14:30:20.587071785 CUDACachingAllocator.cpp:508] expandable_segments: memory mapping failed with OOM on device 0 while trying to map 20971520 bytes (free: 5505024, total: 25285623808).
[W908 14:30:20.603631023 CUDACachingAllocator.cpp:508] expandable_segments: memory mapping failed with OOM on device 0 while trying to map 20971520 bytes (free: 5505024, total: 25285623808).
[W908 14:30:20.619494920 CUDACachingAllocator.cpp:508] expandable_segments: memory mapping failed with OOM on device 0 while trying to map 20971520 bytes (free: 5505024, total: 25285623808).
[W908 14:30:20.632014849 CUDACachingAllocator.cpp:508] expandable_segments: memory mapping failed with OOM on device 0 while trying to map 20971520 bytes (free: 5505024, total: 25285623808).
[W908 14:30:20.651182547 CUDACachingAllocator.cpp:508] expandable_segments: memory mapping failed with OOM on device 0 while trying to map 20971520 bytes (free: 5505024, total: 25285623808).
[W908 14:30:20.658088511 CUDACachingAllocator.cpp:508] expandable_segments: memory mapping failed with OOM on device 0 while trying to map 20971520 bytes (free: 5505024, total: 25285623808).
[W908 14:30:20.665800775 CUDACachingAllocator.cpp:508] expandable_segments: memory mapping failed with OOM on device 0 while trying to map 20971520 bytes (free: 5505024, total: 25285623808).
[W908 14:30:20.673373987 CUDACachingAllocator.cpp:508] expandable_segments: memory mapping failed with OOM on device 0 while trying to map 20971520 bytes (free: 5505024, total: 25285623808).
[W908 14:30:20.686037730 CUDACachingAllocator.cpp:508] expandable_segments: memory mapping failed with OOM on device 0 while trying to map 20971520 bytes (free: 5505024, total: 25285623808).
[W908 14:30:20.694397293 CUDACachingAllocator.cpp:508] expandable_segments: memory mapping failed with OOM on device 0 while trying to map 20971520 bytes (free: 5505024, total: 25285623808).
[W908 14:30:20.704938416 CUDACachingAllocator.cpp:508] expandable_segments: memory mapping failed with OOM on device 0 while trying to map 20971520 bytes (free: 5505024, total: 25285623808).
[W908 14:30:20.723711998 CUDACachingAllocator.cpp:508] expandable_segments: memory mapping failed with OOM on device 0 while trying to map 20971520 bytes (free: 5505024, total: 25285623808).
[W908 14:30:20.742346719 CUDACachingAllocator.cpp:508] expandable_segments: memory mapping failed with OOM on device 0 while trying to map 20971520 bytes (free: 5505024, total: 25285623808).
[W908 14:30:20.760181186 CUDACachingAllocator.cpp:508] expandable_segments: memory mapping failed with OOM on device 0 while trying to map 20971520 bytes (free: 5505024, total: 25285623808).
[W908 14:30:20.775220083 CUDACachingAllocator.cpp:508] expandable_segments: memory mapping failed with OOM on device 0 while trying to map 20971520 bytes (free: 5505024, total: 25285623808).
[W908 14:30:20.781434821 CUDACachingAllocator.cpp:508] expandable_segments: memory mapping failed with OOM on device 0 while trying to map 20971520 bytes (free: 5505024, total: 25285623808).
[W908 14:30:23.753676029 CUDACachingAllocator.cpp:508] expandable_segments: memory mapping failed with OOM on device 0 while trying to map 20971520 bytes (free: 3407872, total: 25285623808).
[W908 14:30:23.386617555 CUDACachingAllocator.cpp:508] expandable_segments: memory mapping failed with OOM on device 0 while trying to map 20971520 bytes (free: 7602176, total: 25285623808).
[W908 14:30:23.461583437 CUDACachingAllocator.cpp:508] expandable_segments: memory mapping failed with OOM on device 0 while trying to map 20971520 bytes (free: 7602176, total: 25285623808).
[W908 14:30:23.561637516 CUDACachingAllocator.cpp:508] expandable_segments: memory mapping failed with OOM on device 0 while trying to map 20971520 bytes (free: 7602176, total: 25285623808).
[W908 14:30:24.748368601 CUDACachingAllocator.cpp:508] expandable_segments: memory mapping failed with OOM on device 0 while trying to map 20971520 bytes (free: 5505024, total: 25285623808).
[W908 14:30:24.933889361 CUDACachingAllocator.cpp:508] expandable_segments: memory mapping failed with OOM on device 0 while trying to map 20971520 bytes (free: 5505024, total: 25285623808).
[W908 14:30:24.181156072 CUDACachingAllocator.cpp:508] expandable_segments: memory mapping failed with OOM on device 0 while trying to map 20971520 bytes (free: 5505024, total: 25285623808).
[W908 14:30:24.352888369 CUDACachingAllocator.cpp:508] expandable_segments: memory mapping failed with OOM on device 0 while trying to map 20971520 bytes (free: 5505024, total: 25285623808).
[W908 14:30:25.681470589 CUDACachingAllocator.cpp:508] expandable_segments: memory mapping failed with OOM on device 0 while trying to map 20971520 bytes (free: 5505024, total: 25285623808).
[W908 14:30:25.841048441 CUDACachingAllocator.cpp:508] expandable_segments: memory mapping failed with OOM on device 0 while trying to map 20971520 bytes (free: 5505024, total: 25285623808).
[W908 14:30:25.032820879 CUDACachingAllocator.cpp:508] expandable_segments: memory mapping failed with OOM on device 0 while trying to map 20971520 bytes (free: 5505024, total: 25285623808).
[W908 14:30:25.215431301 CUDACachingAllocator.cpp:508] expandable_segments: memory mapping failed with OOM on device 0 while trying to map 20971520 bytes (free: 5505024, total: 25285623808).
[W908 14:30:25.462375133 CUDACachingAllocator.cpp:508] expandable_segments: memory mapping failed with OOM on device 0 while trying to map 20971520 bytes (free: 5505024, total: 25285623808).
[W908 14:30:25.573741833 CUDACachingAllocator.cpp:508] expandable_segments: memory mapping failed with OOM on device 0 while trying to map 20971520 bytes (free: 5505024, total: 25285623808).
[W908 14:30:26.979651345 CUDACachingAllocator.cpp:508] expandable_segments: memory mapping failed with OOM on device 0 while trying to map 20971520 bytes (free: 5505024, total: 25285623808).
[W908 14:30:26.096061086 CUDACachingAllocator.cpp:508] expandable_segments: memory mapping failed with OOM on device 0 while trying to map 20971520 bytes (free: 5505024, total: 25285623808).
[W908 14:30:26.292378693 CUDACachingAllocator.cpp:508] expandable_segments: memory mapping failed with OOM on device 0 while trying to map 20971520 bytes (free: 5505024, total: 25285623808).
[W908 14:30:26.401624855 CUDACachingAllocator.cpp:508] expandable_segments: memory mapping failed with OOM on device 0 while trying to map 20971520 bytes (free: 5505024, total: 25285623808).
[W908 14:30:27.650006963 CUDACachingAllocator.cpp:508] expandable_segments: memory mapping failed with OOM on device 0 while trying to map 20971520 bytes (free: 5505024, total: 25285623808).
[W908 14:30:27.824576556 CUDACachingAllocator.cpp:508] expandable_segments: memory mapping failed with OOM on device 0 while trying to map 20971520 bytes (free: 5505024, total: 25285623808).
[W908 14:30:27.064949113 CUDACachingAllocator.cpp:508] expandable_segments: memory mapping failed with OOM on device 0 while trying to map 20971520 bytes (free: 5505024, total: 25285623808).
[W908 14:30:27.212317859 CUDACachingAllocator.cpp:508] expandable_segments: memory mapping failed with OOM on device 0 while trying to map 20971520 bytes (free: 5505024, total: 25285623808).
[W908 14:30:27.359896712 CUDACachingAllocator.cpp:508] expandable_segments: memory mapping failed with OOM on device 0 while trying to map 20971520 bytes (free: 5505024, total: 25285623808).
[W908 14:30:27.473651832 CUDACachingAllocator.cpp:508] expandable_segments: memory mapping failed with OOM on device 0 while trying to map 20971520 bytes (free: 5505024, total: 25285623808).
[W908 14:30:28.637018767 CUDACachingAllocator.cpp:508] expandable_segments: memory mapping failed with OOM on device 0 while trying to map 20971520 bytes (free: 5505024, total: 25285623808).
[W908 14:30:28.760671929 CUDACachingAllocator.cpp:508] expandable_segments: memory mapping failed with OOM on device 0 while trying to map 20971520 bytes (free: 5505024, total: 25285623808).
[W908 14:30:28.914732077 CUDACachingAllocator.cpp:508] expandable_segments: memory mapping failed with OOM on device 0 while trying to map 20971520 bytes (free: 5505024, total: 25285623808).
[W908 14:30:28.038405996 CUDACachingAllocator.cpp:508] expandable_segments: memory mapping failed with OOM on device 0 while trying to map 20971520 bytes (free: 5505024, total: 25285623808).
[W908 14:30:28.198538740 CUDACachingAllocator.cpp:508] expandable_segments: memory mapping failed with OOM on device 0 while trying to map 20971520 bytes (free: 5505024, total: 25285623808).
[W908 14:30:28.348579981 CUDACachingAllocator.cpp:508] expandable_segments: memory mapping failed with OOM on device 0 while trying to map 20971520 bytes (free: 5505024, total: 25285623808).
[W908 14:30:28.452272360 CUDACachingAllocator.cpp:508] expandable_segments: memory mapping failed with OOM on device 0 while trying to map 20971520 bytes (free: 5505024, total: 25285623808).
[W908 14:30:28.553061502 CUDACachingAllocator.cpp:508] expandable_segments: memory mapping failed with OOM on device 0 while trying to map 20971520 bytes (free: 5505024, total: 25285623808).
[W908 14:30:29.704516529 CUDACachingAllocator.cpp:508] expandable_segments: memory mapping failed with OOM on device 0 while trying to map 20971520 bytes (free: 5505024, total: 25285623808).
[W908 14:30:29.821563415 CUDACachingAllocator.cpp:508] expandable_segments: memory mapping failed with OOM on device 0 while trying to map 20971520 bytes (free: 5505024, total: 25285623808).
[W908 14:30:29.917011913 CUDACachingAllocator.cpp:508] expandable_segments: memory mapping failed with OOM on device 0 while trying to map 20971520 bytes (free: 5505024, total: 25285623808).
[W908 14:30:29.083442347 CUDACachingAllocator.cpp:508] expandable_segments: memory mapping failed with OOM on device 0 while trying to map 20971520 bytes (free: 5505024, total: 25285623808).
[W908 14:30:29.266220615 CUDACachingAllocator.cpp:508] expandable_segments: memory mapping failed with OOM on device 0 while trying to map 20971520 bytes (free: 5505024, total: 25285623808).
[W908 14:30:29.458601263 CUDACachingAllocator.cpp:508] expandable_segments: memory mapping failed with OOM on device 0 while trying to map 20971520 bytes (free: 5505024, total: 25285623808).
[W908 14:30:30.635900221 CUDACachingAllocator.cpp:508] expandable_segments: memory mapping failed with OOM on device 0 while trying to map 20971520 bytes (free: 5505024, total: 25285623808).
[W908 14:30:30.744468094 CUDACachingAllocator.cpp:508] expandable_segments: memory mapping failed with OOM on device 0 while trying to map 20971520 bytes (free: 5505024, total: 25285623808).
[W908 14:30:30.902592331 CUDACachingAllocator.cpp:508] expandable_segments: memory mapping failed with OOM on device 0 while trying to map 20971520 bytes (free: 5505024, total: 25285623808).
[W908 14:30:30.011949620 CUDACachingAllocator.cpp:508] expandable_segments: memory mapping failed with OOM on device 0 while trying to map 20971520 bytes (free: 5505024, total: 25285623808).
[W908 14:30:30.171416503 CUDACachingAllocator.cpp:508] expandable_segments: memory mapping failed with OOM on device 0 while trying to map 20971520 bytes (free: 5505024, total: 25285623808).
[W908 14:30:30.285629471 CUDACachingAllocator.cpp:508] expandable_segments: memory mapping failed with OOM on device 0 while trying to map 20971520 bytes (free: 5505024, total: 25285623808).
[W908 14:30:30.436744340 CUDACachingAllocator.cpp:508] expandable_segments: memory mapping failed with OOM on device 0 while trying to map 20971520 bytes (free: 5505024, total: 25285623808).
[W908 14:30:31.627791343 CUDACachingAllocator.cpp:508] expandable_segments: memory mapping failed with OOM on device 0 while trying to map 20971520 bytes (free: 5505024, total: 25285623808).
[W908 14:30:31.775390376 CUDACachingAllocator.cpp:508] expandable_segments: memory mapping failed with OOM on device 0 while trying to map 20971520 bytes (free: 5505024, total: 25285623808).
[W908 14:30:31.895887830 CUDACachingAllocator.cpp:508] expandable_segments: memory mapping failed with OOM on device 0 while trying to map 20971520 bytes (free: 5505024, total: 25285623808).
[W908 14:30:31.989573483 CUDACachingAllocator.cpp:508] expandable_segments: memory mapping failed with OOM on device 0 while trying to map 20971520 bytes (free: 5505024, total: 25285623808).
[W908 14:30:31.085577455 CUDACachingAllocator.cpp:508] expandable_segments: memory mapping failed with OOM on device 0 while trying to map 20971520 bytes (free: 5505024, total: 25285623808).
[W908 14:30:31.189141351 CUDACachingAllocator.cpp:508] expandable_segments: memory mapping failed with OOM on device 0 while trying to map 20971520 bytes (free: 5505024, total: 25285623808).
[W908 14:30:31.341825233 CUDACachingAllocator.cpp:508] expandable_segments: memory mapping failed with OOM on device 0 while trying to map 20971520 bytes (free: 5505024, total: 25285623808).
[W908 14:30:31.468319600 CUDACachingAllocator.cpp:508] expandable_segments: memory mapping failed with OOM on device 0 while trying to map 20971520 bytes (free: 5505024, total: 25285623808).
[W908 14:30:32.609680062 CUDACachingAllocator.cpp:508] expandable_segments: memory mapping failed with OOM on device 0 while trying to map 20971520 bytes (free: 5505024, total: 25285623808).
[W908 14:30:32.711180482 CUDACachingAllocator.cpp:508] expandable_segments: memory mapping failed with OOM on device 0 while trying to map 20971520 bytes (free: 5505024, total: 25285623808).
[W908 14:30:32.869316716 CUDACachingAllocator.cpp:508] expandable_segments: memory mapping failed with OOM on device 0 while trying to map 20971520 bytes (free: 5505024, total: 25285623808).
[W908 14:30:32.001781337 CUDACachingAllocator.cpp:508] expandable_segments: memory mapping failed with OOM on device 0 while trying to map 20971520 bytes (free: 5505024, total: 25285623808).
[W908 14:30:32.081140495 CUDACachingAllocator.cpp:508] expandable_segments: memory mapping failed with OOM on device 0 while trying to map 20971520 bytes (free: 5505024, total: 25285623808).
[W908 14:30:32.177589656 CUDACachingAllocator.cpp:508] expandable_segments: memory mapping failed with OOM on device 0 while trying to map 20971520 bytes (free: 5505024, total: 25285623808).
[W908 14:30:32.326163480 CUDACachingAllocator.cpp:508] expandable_segments: memory mapping failed with OOM on device 0 while trying to map 20971520 bytes (free: 5505024, total: 25285623808).
[W908 14:30:32.429951158 CUDACachingAllocator.cpp:508] expandable_segments: memory mapping failed with OOM on device 0 while trying to map 20971520 bytes (free: 5505024, total: 25285623808).
[W908 14:30:32.526460641 CUDACachingAllocator.cpp:508] expandable_segments: memory mapping failed with OOM on device 0 while trying to map 20971520 bytes (free: 5505024, total: 25285623808).
[W908 14:30:33.622026941 CUDACachingAllocator.cpp:508] expandable_segments: memory mapping failed with OOM on device 0 while trying to map 20971520 bytes (free: 5505024, total: 25285623808).
[W908 14:30:33.767071681 CUDACachingAllocator.cpp:508] expandable_segments: memory mapping failed with OOM on device 0 while trying to map 20971520 bytes (free: 5505024, total: 25285623808).
[W908 14:30:36.938281909 CUDACachingAllocator.cpp:508] expandable_segments: memory mapping failed with OOM on device 0 while trying to map 20971520 bytes (free: 3407872, total: 25285623808).
[W908 14:30:36.354658706 CUDACachingAllocator.cpp:508] expandable_segments: memory mapping failed with OOM on device 0 while trying to map 20971520 bytes (free: 7602176, total: 25285623808).
[W908 14:30:36.486907093 CUDACachingAllocator.cpp:508] expandable_segments: memory mapping failed with OOM on device 0 while trying to map 20971520 bytes (free: 7602176, total: 25285623808).
[W908 14:30:36.560225293 CUDACachingAllocator.cpp:508] expandable_segments: memory mapping failed with OOM on device 0 while trying to map 20971520 bytes (free: 7602176, total: 25285623808).
[W908 14:30:37.626240905 CUDACachingAllocator.cpp:508] expandable_segments: memory mapping failed with OOM on device 0 while trying to map 20971520 bytes (free: 7602176, total: 25285623808).
[W908 14:30:37.789598066 CUDACachingAllocator.cpp:508] expandable_segments: memory mapping failed with OOM on device 0 while trying to map 20971520 bytes (free: 5505024, total: 25285623808).
[W908 14:30:37.263195927 CUDACachingAllocator.cpp:508] expandable_segments: memory mapping failed with OOM on device 0 while trying to map 20971520 bytes (free: 5505024, total: 25285623808).
[W908 14:30:38.711221192 CUDACachingAllocator.cpp:508] expandable_segments: memory mapping failed with OOM on device 0 while trying to map 20971520 bytes (free: 5505024, total: 25285623808).
[W908 14:30:38.996403134 CUDACachingAllocator.cpp:508] expandable_segments: memory mapping failed with OOM on device 0 while trying to map 20971520 bytes (free: 5505024, total: 25285623808).
[W908 14:30:38.161050968 CUDACachingAllocator.cpp:508] expandable_segments: memory mapping failed with OOM on device 0 while trying to map 20971520 bytes (free: 5505024, total: 25285623808).
[W908 14:30:38.290441262 CUDACachingAllocator.cpp:508] expandable_segments: memory mapping failed with OOM on device 0 while trying to map 20971520 bytes (free: 5505024, total: 25285623808).
[W908 14:30:38.434558073 CUDACachingAllocator.cpp:508] expandable_segments: memory mapping failed with OOM on device 0 while trying to map 20971520 bytes (free: 5505024, total: 25285623808).
[W908 14:30:38.554215622 CUDACachingAllocator.cpp:508] expandable_segments: memory mapping failed with OOM on device 0 while trying to map 20971520 bytes (free: 5505024, total: 25285623808).
[W908 14:30:39.719214584 CUDACachingAllocator.cpp:508] expandable_segments: memory mapping failed with OOM on device 0 while trying to map 20971520 bytes (free: 5505024, total: 25285623808).
[W908 14:30:39.877342357 CUDACachingAllocator.cpp:508] expandable_segments: memory mapping failed with OOM on device 0 while trying to map 20971520 bytes (free: 5505024, total: 25285623808).
[W908 14:30:39.034944362 CUDACachingAllocator.cpp:508] expandable_segments: memory mapping failed with OOM on device 0 while trying to map 20971520 bytes (free: 5505024, total: 25285623808).
[W908 14:30:39.149713875 CUDACachingAllocator.cpp:508] expandable_segments: memory mapping failed with OOM on device 0 while trying to map 20971520 bytes (free: 5505024, total: 25285623808).
[W908 14:30:39.318240704 CUDACachingAllocator.cpp:508] expandable_segments: memory mapping failed with OOM on device 0 while trying to map 20971520 bytes (free: 5505024, total: 25285623808).
[W908 14:30:39.524938758 CUDACachingAllocator.cpp:508] expandable_segments: memory mapping failed with OOM on device 0 while trying to map 20971520 bytes (free: 5505024, total: 25285623808).
[W908 14:30:40.771762383 CUDACachingAllocator.cpp:508] expandable_segments: memory mapping failed with OOM on device 0 while trying to map 20971520 bytes (free: 5505024, total: 25285623808).
[W908 14:30:40.965100613 CUDACachingAllocator.cpp:508] expandable_segments: memory mapping failed with OOM on device 0 while trying to map 20971520 bytes (free: 5505024, total: 25285623808).
[W908 14:30:40.072381642 CUDACachingAllocator.cpp:508] expandable_segments: memory mapping failed with OOM on device 0 while trying to map 20971520 bytes (free: 5505024, total: 25285623808).
[W908 14:30:40.184621110 CUDACachingAllocator.cpp:508] expandable_segments: memory mapping failed with OOM on device 0 while trying to map 20971520 bytes (free: 5505024, total: 25285623808).
[W908 14:30:40.509042498 CUDACachingAllocator.cpp:508] expandable_segments: memory mapping failed with OOM on device 0 while trying to map 20971520 bytes (free: 5505024, total: 25285623808).
[W908 14:30:41.669779252 CUDACachingAllocator.cpp:508] expandable_segments: memory mapping failed with OOM on device 0 while trying to map 20971520 bytes (free: 5505024, total: 25285623808).
[W908 14:30:41.865501688 CUDACachingAllocator.cpp:508] expandable_segments: memory mapping failed with OOM on device 0 while trying to map 20971520 bytes (free: 5505024, total: 25285623808).
[W908 14:30:41.068112847 CUDACachingAllocator.cpp:508] expandable_segments: memory mapping failed with OOM on device 0 while trying to map 20971520 bytes (free: 5505024, total: 25285623808).
[W908 14:30:41.192049448 CUDACachingAllocator.cpp:508] expandable_segments: memory mapping failed with OOM on device 0 while trying to map 20971520 bytes (free: 5505024, total: 25285623808).
[W908 14:30:41.345948492 CUDACachingAllocator.cpp:508] expandable_segments: memory mapping failed with OOM on device 0 while trying to map 20971520 bytes (free: 5505024, total: 25285623808).
[W908 14:30:41.510208746 CUDACachingAllocator.cpp:508] expandable_segments: memory mapping failed with OOM on device 0 while trying to map 20971520 bytes (free: 5505024, total: 25285623808).
[W908 14:30:42.616863929 CUDACachingAllocator.cpp:508] expandable_segments: memory mapping failed with OOM on device 0 while trying to map 20971520 bytes (free: 5505024, total: 25285623808).
[W908 14:30:42.725293240 CUDACachingAllocator.cpp:508] expandable_segments: memory mapping failed with OOM on device 0 while trying to map 20971520 bytes (free: 5505024, total: 25285623808).
[W908 14:30:42.832295461 CUDACachingAllocator.cpp:508] expandable_segments: memory mapping failed with OOM on device 0 while trying to map 20971520 bytes (free: 5505024, total: 25285623808).
[W908 14:30:42.989764506 CUDACachingAllocator.cpp:508] expandable_segments: memory mapping failed with OOM on device 0 while trying to map 20971520 bytes (free: 5505024, total: 25285623808).
[W908 14:30:42.079338919 CUDACachingAllocator.cpp:508] expandable_segments: memory mapping failed with OOM on device 0 while trying to map 20971520 bytes (free: 5505024, total: 25285623808).
[W908 14:30:42.128678181 CUDACachingAllocator.cpp:508] expandable_segments: memory mapping failed with OOM on device 0 while trying to map 20971520 bytes (free: 5505024, total: 25285623808).
[W908 14:30:42.270239564 CUDACachingAllocator.cpp:508] expandable_segments: memory mapping failed with OOM on device 0 while trying to map 20971520 bytes (free: 5505024, total: 25285623808).
[W908 14:30:42.380223715 CUDACachingAllocator.cpp:508] expandable_segments: memory mapping failed with OOM on device 0 while trying to map 20971520 bytes (free: 5505024, total: 25285623808).
[W908 14:30:42.492808583 CUDACachingAllocator.cpp:508] expandable_segments: memory mapping failed with OOM on device 0 while trying to map 20971520 bytes (free: 5505024, total: 25285623808).
[W908 14:30:43.655243629 CUDACachingAllocator.cpp:508] expandable_segments: memory mapping failed with OOM on device 0 while trying to map 20971520 bytes (free: 5505024, total: 25285623808).
[W908 14:30:43.751977238 CUDACachingAllocator.cpp:508] expandable_segments: memory mapping failed with OOM on device 0 while trying to map 20971520 bytes (free: 5505024, total: 25285623808).
[W908 14:30:43.846928083 CUDACachingAllocator.cpp:508] expandable_segments: memory mapping failed with OOM on device 0 while trying to map 20971520 bytes (free: 5505024, total: 25285623808).
[W908 14:30:43.949723834 CUDACachingAllocator.cpp:508] expandable_segments: memory mapping failed with OOM on device 0 while trying to map 20971520 bytes (free: 5505024, total: 25285623808).
[W908 14:30:43.059645011 CUDACachingAllocator.cpp:508] expandable_segments: memory mapping failed with OOM on device 0 while trying to map 20971520 bytes (free: 5505024, total: 25285623808).
[W908 14:30:43.125194082 CUDACachingAllocator.cpp:508] expandable_segments: memory mapping failed with OOM on device 0 while trying to map 20971520 bytes (free: 5505024, total: 25285623808).
[W908 14:30:43.166989594 CUDACachingAllocator.cpp:508] expandable_segments: memory mapping failed with OOM on device 0 while trying to map 20971520 bytes (free: 5505024, total: 25285623808).
[W908 14:30:43.249556971 CUDACachingAllocator.cpp:508] expandable_segments: memory mapping failed with OOM on device 0 while trying to map 20971520 bytes (free: 5505024, total: 25285623808).
[W908 14:30:43.345581260 CUDACachingAllocator.cpp:508] expandable_segments: memory mapping failed with OOM on device 0 while trying to map 20971520 bytes (free: 5505024, total: 25285623808).
[W908 14:30:43.497631546 CUDACachingAllocator.cpp:508] expandable_segments: memory mapping failed with OOM on device 0 while trying to map 20971520 bytes (free: 5505024, total: 25285623808).
[W908 14:30:44.595898691 CUDACachingAllocator.cpp:508] expandable_segments: memory mapping failed with OOM on device 0 while trying to map 20971520 bytes (free: 5505024, total: 25285623808).
[W908 14:30:44.632995974 CUDACachingAllocator.cpp:508] expandable_segments: memory mapping failed with OOM on device 0 while trying to map 20971520 bytes (free: 5505024, total: 25285623808).
[W908 14:30:44.717078184 CUDACachingAllocator.cpp:508] expandable_segments: memory mapping failed with OOM on device 0 while trying to map 20971520 bytes (free: 5505024, total: 25285623808).
[W908 14:30:44.763540737 CUDACachingAllocator.cpp:508] expandable_segments: memory mapping failed with OOM on device 0 while trying to map 20971520 bytes (free: 5505024, total: 25285623808).
[W908 14:30:44.820413899 CUDACachingAllocator.cpp:508] expandable_segments: memory mapping failed with OOM on device 0 while trying to map 20971520 bytes (free: 5505024, total: 25285623808).
[W908 14:30:44.866099850 CUDACachingAllocator.cpp:508] expandable_segments: memory mapping failed with OOM on device 0 while trying to map 20971520 bytes (free: 5505024, total: 25285623808).
[W908 14:30:44.929893194 CUDACachingAllocator.cpp:508] expandable_segments: memory mapping failed with OOM on device 0 while trying to map 20971520 bytes (free: 5505024, total: 25285623808).
[W908 14:30:44.017975850 CUDACachingAllocator.cpp:508] expandable_segments: memory mapping failed with OOM on device 0 while trying to map 20971520 bytes (free: 5505024, total: 25285623808).
[W908 14:30:44.064916785 CUDACachingAllocator.cpp:508] expandable_segments: memory mapping failed with OOM on device 0 while trying to map 20971520 bytes (free: 5505024, total: 25285623808).
[W908 14:30:44.166433552 CUDACachingAllocator.cpp:508] expandable_segments: memory mapping failed with OOM on device 0 while trying to map 20971520 bytes (free: 5505024, total: 25285623808).
[W908 14:30:44.248027238 CUDACachingAllocator.cpp:508] expandable_segments: memory mapping failed with OOM on device 0 while trying to map 20971520 bytes (free: 5505024, total: 25285623808).
[W908 14:30:44.279032499 CUDACachingAllocator.cpp:508] expandable_segments: memory mapping failed with OOM on device 0 while trying to map 20971520 bytes (free: 5505024, total: 25285623808).
[W908 14:30:44.355082369 CUDACachingAllocator.cpp:508] expandable_segments: memory mapping failed with OOM on device 0 while trying to map 20971520 bytes (free: 5505024, total: 25285623808).
[W908 14:30:44.395505006 CUDACachingAllocator.cpp:508] expandable_segments: memory mapping failed with OOM on device 0 while trying to map 20971520 bytes (free: 5505024, total: 25285623808).
[W908 14:30:44.427933775 CUDACachingAllocator.cpp:508] expandable_segments: memory mapping failed with OOM on device 0 while trying to map 20971520 bytes (free: 5505024, total: 25285623808).
[W908 14:30:44.481802146 CUDACachingAllocator.cpp:508] expandable_segments: memory mapping failed with OOM on device 0 while trying to map 20971520 bytes (free: 5505024, total: 25285623808).
[W908 14:30:44.553435287 CUDACachingAllocator.cpp:508] expandable_segments: memory mapping failed with OOM on device 0 while trying to map 20971520 bytes (free: 5505024, total: 25285623808).
[W908 14:30:45.591446635 CUDACachingAllocator.cpp:508] expandable_segments: memory mapping failed with OOM on device 0 while trying to map 20971520 bytes (free: 5505024, total: 25285623808).
[W908 14:30:45.693483516 CUDACachingAllocator.cpp:508] expandable_segments: memory mapping failed with OOM on device 0 while trying to map 20971520 bytes (free: 5505024, total: 25285623808).
[W908 14:30:45.739747162 CUDACachingAllocator.cpp:508] expandable_segments: memory mapping failed with OOM on device 0 while trying to map 20971520 bytes (free: 5505024, total: 25285623808).
[W908 14:30:45.801129269 CUDACachingAllocator.cpp:508] expandable_segments: memory mapping failed with OOM on device 0 while trying to map 20971520 bytes (free: 5505024, total: 25285623808).
[W908 14:30:45.879159305 CUDACachingAllocator.cpp:508] expandable_segments: memory mapping failed with OOM on device 0 while trying to map 20971520 bytes (free: 5505024, total: 25285623808).
[W908 14:30:45.969497417 CUDACachingAllocator.cpp:508] expandable_segments: memory mapping failed with OOM on device 0 while trying to map 20971520 bytes (free: 5505024, total: 25285623808).
[W908 14:30:45.002593409 CUDACachingAllocator.cpp:508] expandable_segments: memory mapping failed with OOM on device 0 while trying to map 20971520 bytes (free: 5505024, total: 25285623808).
[W908 14:30:45.092438858 CUDACachingAllocator.cpp:508] expandable_segments: memory mapping failed with OOM on device 0 while trying to map 20971520 bytes (free: 5505024, total: 25285623808).
[W908 14:30:45.192081971 CUDACachingAllocator.cpp:508] expandable_segments: memory mapping failed with OOM on device 0 while trying to map 20971520 bytes (free: 5505024, total: 25285623808).
[W908 14:30:45.254924245 CUDACachingAllocator.cpp:508] expandable_segments: memory mapping failed with OOM on device 0 while trying to map 20971520 bytes (free: 5505024, total: 25285623808).
[W908 14:30:45.298991572 CUDACachingAllocator.cpp:508] expandable_segments: memory mapping failed with OOM on device 0 while trying to map 20971520 bytes (free: 5505024, total: 25285623808).
[W908 14:30:45.370139934 CUDACachingAllocator.cpp:508] expandable_segments: memory mapping failed with OOM on device 0 while trying to map 20971520 bytes (free: 5505024, total: 25285623808).
[W908 14:30:45.449293833 CUDACachingAllocator.cpp:508] expandable_segments: memory mapping failed with OOM on device 0 while trying to map 20971520 bytes (free: 5505024, total: 25285623808).
[W908 14:30:45.490085149 CUDACachingAllocator.cpp:508] expandable_segments: memory mapping failed with OOM on device 0 while trying to map 20971520 bytes (free: 5505024, total: 25285623808).
[W908 14:30:45.578381910 CUDACachingAllocator.cpp:508] expandable_segments: memory mapping failed with OOM on device 0 while trying to map 20971520 bytes (free: 5505024, total: 25285623808).
[W908 14:30:46.717192339 CUDACachingAllocator.cpp:508] expandable_segments: memory mapping failed with OOM on device 0 while trying to map 20971520 bytes (free: 5505024, total: 25285623808).
[W908 14:30:46.813932392 CUDACachingAllocator.cpp:508] expandable_segments: memory mapping failed with OOM on device 0 while trying to map 20971520 bytes (free: 5505024, total: 25285623808).
[W908 14:30:46.844378963 CUDACachingAllocator.cpp:508] expandable_segments: memory mapping failed with OOM on device 0 while trying to map 20971520 bytes (free: 5505024, total: 25285623808).
[W908 14:30:46.875486659 CUDACachingAllocator.cpp:508] expandable_segments: memory mapping failed with OOM on device 0 while trying to map 20971520 bytes (free: 5505024, total: 25285623808).
[W908 14:30:46.907068283 CUDACachingAllocator.cpp:508] expandable_segments: memory mapping failed with OOM on device 0 while trying to map 20971520 bytes (free: 5505024, total: 25285623808).
[W908 14:30:46.941522821 CUDACachingAllocator.cpp:508] expandable_segments: memory mapping failed with OOM on device 0 while trying to map 20971520 bytes (free: 5505024, total: 25285623808).
[W908 14:30:46.967228236 CUDACachingAllocator.cpp:508] expandable_segments: memory mapping failed with OOM on device 0 while trying to map 20971520 bytes (free: 5505024, total: 25285623808).
[W908 14:30:46.004425293 CUDACachingAllocator.cpp:508] expandable_segments: memory mapping failed with OOM on device 0 while trying to map 20971520 bytes (free: 5505024, total: 25285623808).
[W908 14:30:46.064557252 CUDACachingAllocator.cpp:508] expandable_segments: memory mapping failed with OOM on device 0 while trying to map 20971520 bytes (free: 5505024, total: 25285623808).
[W908 14:30:46.094530589 CUDACachingAllocator.cpp:508] expandable_segments: memory mapping failed with OOM on device 0 while trying to map 20971520 bytes (free: 5505024, total: 25285623808).
[W908 14:30:46.121921859 CUDACachingAllocator.cpp:508] expandable_segments: memory mapping failed with OOM on device 0 while trying to map 20971520 bytes (free: 5505024, total: 25285623808).
[W908 14:30:46.162824823 CUDACachingAllocator.cpp:508] expandable_segments: memory mapping failed with OOM on device 0 while trying to map 20971520 bytes (free: 5505024, total: 25285623808).
[W908 14:30:46.184609098 CUDACachingAllocator.cpp:508] expandable_segments: memory mapping failed with OOM on device 0 while trying to map 20971520 bytes (free: 5505024, total: 25285623808).
[W908 14:30:46.230496277 CUDACachingAllocator.cpp:508] expandable_segments: memory mapping failed with OOM on device 0 while trying to map 20971520 bytes (free: 5505024, total: 25285623808).
[W908 14:30:46.273128141 CUDACachingAllocator.cpp:508] expandable_segments: memory mapping failed with OOM on device 0 while trying to map 20971520 bytes (free: 5505024, total: 25285623808).
[W908 14:30:46.301956888 CUDACachingAllocator.cpp:508] expandable_segments: memory mapping failed with OOM on device 0 while trying to map 20971520 bytes (free: 5505024, total: 25285623808).
[W908 14:30:46.314774746 CUDACachingAllocator.cpp:508] expandable_segments: memory mapping failed with OOM on device 0 while trying to map 20971520 bytes (free: 5505024, total: 25285623808).
[W908 14:30:46.332220497 CUDACachingAllocator.cpp:508] expandable_segments: memory mapping failed with OOM on device 0 while trying to map 20971520 bytes (free: 5505024, total: 25285623808).
[W908 14:30:46.352702039 CUDACachingAllocator.cpp:508] expandable_segments: memory mapping failed with OOM on device 0 while trying to map 20971520 bytes (free: 5505024, total: 25285623808).
[W908 14:30:46.371362696 CUDACachingAllocator.cpp:508] expandable_segments: memory mapping failed with OOM on device 0 while trying to map 20971520 bytes (free: 5505024, total: 25285623808).
[W908 14:30:46.381839094 CUDACachingAllocator.cpp:508] expandable_segments: memory mapping failed with OOM on device 0 while trying to map 20971520 bytes (free: 5505024, total: 25285623808).
[W908 14:30:46.403765466 CUDACachingAllocator.cpp:508] expandable_segments: memory mapping failed with OOM on device 0 while trying to map 20971520 bytes (free: 5505024, total: 25285623808).
[W908 14:30:46.437393232 CUDACachingAllocator.cpp:508] expandable_segments: memory mapping failed with OOM on device 0 while trying to map 20971520 bytes (free: 5505024, total: 25285623808).
[W908 14:30:46.458200741 CUDACachingAllocator.cpp:508] expandable_segments: memory mapping failed with OOM on device 0 while trying to map 20971520 bytes (free: 5505024, total: 25285623808).
[W908 14:30:46.477244158 CUDACachingAllocator.cpp:508] expandable_segments: memory mapping failed with OOM on device 0 while trying to map 20971520 bytes (free: 5505024, total: 25285623808).
[W908 14:30:46.490508832 CUDACachingAllocator.cpp:508] expandable_segments: memory mapping failed with OOM on device 0 while trying to map 20971520 bytes (free: 5505024, total: 25285623808).
[W908 14:30:46.509062081 CUDACachingAllocator.cpp:508] expandable_segments: memory mapping failed with OOM on device 0 while trying to map 20971520 bytes (free: 5505024, total: 25285623808).
[W908 14:30:46.528856477 CUDACachingAllocator.cpp:508] expandable_segments: memory mapping failed with OOM on device 0 while trying to map 20971520 bytes (free: 5505024, total: 25285623808).
[W908 14:30:46.544479961 CUDACachingAllocator.cpp:508] expandable_segments: memory mapping failed with OOM on device 0 while trying to map 20971520 bytes (free: 5505024, total: 25285623808).
[W908 14:30:46.555129970 CUDACachingAllocator.cpp:508] expandable_segments: memory mapping failed with OOM on device 0 while trying to map 20971520 bytes (free: 5505024, total: 25285623808).
[W908 14:30:46.569286817 CUDACachingAllocator.cpp:508] expandable_segments: memory mapping failed with OOM on device 0 while trying to map 20971520 bytes (free: 5505024, total: 25285623808).
[W908 14:30:46.578758034 CUDACachingAllocator.cpp:508] expandable_segments: memory mapping failed with OOM on device 0 while trying to map 20971520 bytes (free: 5505024, total: 25285623808).
[W908 14:30:47.590317277 CUDACachingAllocator.cpp:508] expandable_segments: memory mapping failed with OOM on device 0 while trying to map 20971520 bytes (free: 5505024, total: 25285623808).
[W908 14:30:47.597147643 CUDACachingAllocator.cpp:508] expandable_segments: memory mapping failed with OOM on device 0 while trying to map 20971520 bytes (free: 5505024, total: 25285623808).
[W908 14:30:47.608038565 CUDACachingAllocator.cpp:508] expandable_segments: memory mapping failed with OOM on device 0 while trying to map 20971520 bytes (free: 5505024, total: 25285623808).
[W908 14:30:47.626096975 CUDACachingAllocator.cpp:508] expandable_segments: memory mapping failed with OOM on device 0 while trying to map 20971520 bytes (free: 5505024, total: 25285623808).
[W908 14:30:47.640413529 CUDACachingAllocator.cpp:508] expandable_segments: memory mapping failed with OOM on device 0 while trying to map 20971520 bytes (free: 5505024, total: 25285623808).
[W908 14:30:47.649837709 CUDACachingAllocator.cpp:508] expandable_segments: memory mapping failed with OOM on device 0 while trying to map 20971520 bytes (free: 5505024, total: 25285623808).
[W908 14:30:47.663831087 CUDACachingAllocator.cpp:508] expandable_segments: memory mapping failed with OOM on device 0 while trying to map 20971520 bytes (free: 5505024, total: 25285623808).
[W908 14:30:47.679485719 CUDACachingAllocator.cpp:508] expandable_segments: memory mapping failed with OOM on device 0 while trying to map 20971520 bytes (free: 5505024, total: 25285623808).
[W908 14:30:47.714948642 CUDACachingAllocator.cpp:508] expandable_segments: memory mapping failed with OOM on device 0 while trying to map 20971520 bytes (free: 5505024, total: 25285623808).
[W908 14:30:47.739701427 CUDACachingAllocator.cpp:508] expandable_segments: memory mapping failed with OOM on device 0 while trying to map 20971520 bytes (free: 5505024, total: 25285623808).
[W908 14:30:47.746976016 CUDACachingAllocator.cpp:508] expandable_segments: memory mapping failed with OOM on device 0 while trying to map 20971520 bytes (free: 5505024, total: 25285623808).
[W908 14:30:47.755247966 CUDACachingAllocator.cpp:508] expandable_segments: memory mapping failed with OOM on device 0 while trying to map 20971520 bytes (free: 5505024, total: 25285623808).
[W908 14:30:47.765291664 CUDACachingAllocator.cpp:508] expandable_segments: memory mapping failed with OOM on device 0 while trying to map 20971520 bytes (free: 5505024, total: 25285623808).
[W908 14:30:47.779329625 CUDACachingAllocator.cpp:508] expandable_segments: memory mapping failed with OOM on device 0 while trying to map 20971520 bytes (free: 5505024, total: 25285623808).
[W908 14:30:47.787389462 CUDACachingAllocator.cpp:508] expandable_segments: memory mapping failed with OOM on device 0 while trying to map 20971520 bytes (free: 5505024, total: 25285623808).
[W908 14:30:47.797101429 CUDACachingAllocator.cpp:508] expandable_segments: memory mapping failed with OOM on device 0 while trying to map 20971520 bytes (free: 5505024, total: 25285623808).
[W908 14:30:47.806283914 CUDACachingAllocator.cpp:508] expandable_segments: memory mapping failed with OOM on device 0 while trying to map 20971520 bytes (free: 5505024, total: 25285623808).
[W908 14:30:47.815149447 CUDACachingAllocator.cpp:508] expandable_segments: memory mapping failed with OOM on device 0 while trying to map 20971520 bytes (free: 5505024, total: 25285623808).
[W908 14:30:47.821537984 CUDACachingAllocator.cpp:508] expandable_segments: memory mapping failed with OOM on device 0 while trying to map 20971520 bytes (free: 5505024, total: 25285623808).
[W908 14:30:47.835403787 CUDACachingAllocator.cpp:508] expandable_segments: memory mapping failed with OOM on device 0 while trying to map 20971520 bytes (free: 5505024, total: 25285623808).
[W908 14:30:47.851717888 CUDACachingAllocator.cpp:508] expandable_segments: memory mapping failed with OOM on device 0 while trying to map 20971520 bytes (free: 5505024, total: 25285623808).
[W908 14:30:47.859331452 CUDACachingAllocator.cpp:508] expandable_segments: memory mapping failed with OOM on device 0 while trying to map 20971520 bytes (free: 5505024, total: 25285623808).
[W908 14:30:47.871483915 CUDACachingAllocator.cpp:508] expandable_segments: memory mapping failed with OOM on device 0 while trying to map 20971520 bytes (free: 5505024, total: 25285623808).
[W908 14:30:47.889387523 CUDACachingAllocator.cpp:508] expandable_segments: memory mapping failed with OOM on device 0 while trying to map 20971520 bytes (free: 5505024, total: 25285623808).
[W908 14:30:47.897079794 CUDACachingAllocator.cpp:508] expandable_segments: memory mapping failed with OOM on device 0 while trying to map 20971520 bytes (free: 5505024, total: 25285623808).
[W908 14:30:47.909185295 CUDACachingAllocator.cpp:508] expandable_segments: memory mapping failed with OOM on device 0 while trying to map 20971520 bytes (free: 5505024, total: 25285623808).
[W908 14:30:47.921296831 CUDACachingAllocator.cpp:508] expandable_segments: memory mapping failed with OOM on device 0 while trying to map 20971520 bytes (free: 5505024, total: 25285623808).
[W908 14:30:47.929895963 CUDACachingAllocator.cpp:508] expandable_segments: memory mapping failed with OOM on device 0 while trying to map 20971520 bytes (free: 5505024, total: 25285623808).
[W908 14:30:47.940414756 CUDACachingAllocator.cpp:508] expandable_segments: memory mapping failed with OOM on device 0 while trying to map 20971520 bytes (free: 5505024, total: 25285623808).
[W908 14:30:47.953362144 CUDACachingAllocator.cpp:508] expandable_segments: memory mapping failed with OOM on device 0 while trying to map 20971520 bytes (free: 5505024, total: 25285623808).
[W908 14:30:47.965611272 CUDACachingAllocator.cpp:508] expandable_segments: memory mapping failed with OOM on device 0 while trying to map 20971520 bytes (free: 5505024, total: 25285623808).
[W908 14:30:47.975877418 CUDACachingAllocator.cpp:508] expandable_segments: memory mapping failed with OOM on device 0 while trying to map 20971520 bytes (free: 5505024, total: 25285623808).
[W908 14:30:47.986740781 CUDACachingAllocator.cpp:508] expandable_segments: memory mapping failed with OOM on device 0 while trying to map 20971520 bytes (free: 5505024, total: 25285623808).
[W908 14:30:47.999303856 CUDACachingAllocator.cpp:508] expandable_segments: memory mapping failed with OOM on device 0 while trying to map 20971520 bytes (free: 5505024, total: 25285623808).
[W908 14:30:47.007940917 CUDACachingAllocator.cpp:508] expandable_segments: memory mapping failed with OOM on device 0 while trying to map 20971520 bytes (free: 5505024, total: 25285623808).
[W908 14:30:47.017610876 CUDACachingAllocator.cpp:508] expandable_segments: memory mapping failed with OOM on device 0 while trying to map 20971520 bytes (free: 5505024, total: 25285623808).
[W908 14:30:47.025651057 CUDACachingAllocator.cpp:508] expandable_segments: memory mapping failed with OOM on device 0 while trying to map 20971520 bytes (free: 5505024, total: 25285623808).
[W908 14:30:47.050090576 CUDACachingAllocator.cpp:508] expandable_segments: memory mapping failed with OOM on device 0 while trying to map 20971520 bytes (free: 5505024, total: 25285623808).
[W908 14:30:47.056723497 CUDACachingAllocator.cpp:508] expandable_segments: memory mapping failed with OOM on device 0 while trying to map 20971520 bytes (free: 5505024, total: 25285623808).
[W908 14:30:47.063722422 CUDACachingAllocator.cpp:508] expandable_segments: memory mapping failed with OOM on device 0 while trying to map 20971520 bytes (free: 5505024, total: 25285623808).
[W908 14:30:47.076049366 CUDACachingAllocator.cpp:508] expandable_segments: memory mapping failed with OOM on device 0 while trying to map 20971520 bytes (free: 5505024, total: 25285623808).
[W908 14:30:47.089931529 CUDACachingAllocator.cpp:508] expandable_segments: memory mapping failed with OOM on device 0 while trying to map 20971520 bytes (free: 5505024, total: 25285623808).
[W908 14:30:47.107350413 CUDACachingAllocator.cpp:508] expandable_segments: memory mapping failed with OOM on device 0 while trying to map 20971520 bytes (free: 5505024, total: 25285623808).
[W908 14:30:47.125392293 CUDACachingAllocator.cpp:508] expandable_segments: memory mapping failed with OOM on device 0 while trying to map 20971520 bytes (free: 5505024, total: 25285623808).
[W908 14:30:47.140719325 CUDACachingAllocator.cpp:508] expandable_segments: memory mapping failed with OOM on device 0 while trying to map 20971520 bytes (free: 5505024, total: 25285623808).
[W908 14:30:47.148544954 CUDACachingAllocator.cpp:508] expandable_segments: memory mapping failed with OOM on device 0 while trying to map 20971520 bytes (free: 5505024, total: 25285623808).
[W908 14:30:47.164548461 CUDACachingAllocator.cpp:508] expandable_segments: memory mapping failed with OOM on device 0 while trying to map 20971520 bytes (free: 5505024, total: 25285623808).
[W908 14:30:47.192622088 CUDACachingAllocator.cpp:508] expandable_segments: memory mapping failed with OOM on device 0 while trying to map 20971520 bytes (free: 5505024, total: 25285623808).
[W908 14:30:50.311269144 CUDACachingAllocator.cpp:508] expandable_segments: memory mapping failed with OOM on device 0 while trying to map 20971520 bytes (free: 3407872, total: 25285623808).
[W908 14:30:51.705613821 CUDACachingAllocator.cpp:508] expandable_segments: memory mapping failed with OOM on device 0 while trying to map 20971520 bytes (free: 7602176, total: 25285623808).
[W908 14:30:51.830282482 CUDACachingAllocator.cpp:508] expandable_segments: memory mapping failed with OOM on device 0 while trying to map 20971520 bytes (free: 7602176, total: 25285623808).
[W908 14:30:51.902558949 CUDACachingAllocator.cpp:508] expandable_segments: memory mapping failed with OOM on device 0 while trying to map 20971520 bytes (free: 7602176, total: 25285623808).
[W908 14:30:51.959774150 CUDACachingAllocator.cpp:508] expandable_segments: memory mapping failed with OOM on device 0 while trying to map 20971520 bytes (free: 7602176, total: 25285623808).
[W908 14:30:51.966158330 CUDACachingAllocator.cpp:508] expandable_segments: memory mapping failed with OOM on device 0 while trying to map 20971520 bytes (free: 7602176, total: 25285623808).
Traceback (most recent call last):
  File "/home/users/btf12/reward-adaptive-steering/src/synth_swing.py", line 112, in <module>
    main()
  File "/home/users/btf12/reward-adaptive-steering/src/synth_swing.py", line 105, in main
    phase_gen(base_cfg, cfg, model, tok, shard)
  File "/home/users/btf12/reward-adaptive-steering/src/synth_swing.py", line 62, in phase_gen
    outs = _gen_multiturn(model, tok, convs, gen, sysmsg)
           ^^^^^^^^^^^^^^^^^^^^^^^^^^^^^^^^^^^^^^^^^^^^^^
  File "/usr/xtmp/btf12/ras_venv/lib/python3.11/site-packages/torch/utils/_contextlib.py", line 124, in decorate_context
    return func(*args, **kwargs)
           ^^^^^^^^^^^^^^^^^^^^^
  File "/home/users/btf12/reward-adaptive-steering/src/mt_swing.py", line 50, in _gen_multiturn
    out = model.generate(**enc, max_new_tokens=gen["max_new_tokens"], do_sample=True,
          ^^^^^^^^^^^^^^^^^^^^^^^^^^^^^^^^^^^^^^^^^^^^^^^^^^^^^^^^^^^^^^^^^^^^^^^^^^^
  File "/usr/xtmp/btf12/ras_venv/lib/python3.11/site-packages/torch/utils/_contextlib.py", line 124, in decorate_context
    return func(*args, **kwargs)
           ^^^^^^^^^^^^^^^^^^^^^
  File "/usr/xtmp/btf12/ras_venv/lib/python3.11/site-packages/transformers/generation/utils.py", line 2668, in generate
    result = decoding_method(
             ^^^^^^^^^^^^^^^^
  File "/usr/xtmp/btf12/ras_venv/lib/python3.11/site-packages/transformers/generation/utils.py", line 2868, in _sample
    outputs = self._prefill(
              ^^^^^^^^^^^^^^
  File "/usr/xtmp/btf12/ras_venv/lib/python3.11/site-packages/transformers/generation/utils.py", line 3948, in _prefill
    return self(**model_inputs, return_dict=True)
           ^^^^^^^^^^^^^^^^^^^^^^^^^^^^^^^^^^^^^^
  File "/usr/xtmp/btf12/ras_venv/lib/python3.11/site-packages/torch/nn/modules/module.py", line 1778, in _wrapped_call_impl
    return self._call_impl(*args, **kwargs)
           ^^^^^^^^^^^^^^^^^^^^^^^^^^^^^^^^
  File "/usr/xtmp/btf12/ras_venv/lib/python3.11/site-packages/torch/nn/modules/module.py", line 1789, in _call_impl
    return forward_call(*args, **kwargs)
           ^^^^^^^^^^^^^^^^^^^^^^^^^^^^^
  File "/usr/xtmp/btf12/ras_venv/lib/python3.11/site-packages/transformers/utils/generic.py", line 939, in wrapper
    output = func(self, *args, **kwargs)
             ^^^^^^^^^^^^^^^^^^^^^^^^^^^
  File "/usr/xtmp/btf12/ras_venv/lib/python3.11/site-packages/transformers/models/olmo3/modeling_olmo3.py", line 502, in forward
    outputs: BaseModelOutputWithPast = self.model(
                                       ^^^^^^^^^^^
  File "/usr/xtmp/btf12/ras_venv/lib/python3.11/site-packages/torch/nn/modules/module.py", line 1778, in _wrapped_call_impl
    return self._call_impl(*args, **kwargs)
           ^^^^^^^^^^^^^^^^^^^^^^^^^^^^^^^^
  File "/usr/xtmp/btf12/ras_venv/lib/python3.11/site-packages/torch/nn/modules/module.py", line 1789, in _call_impl
    return forward_call(*args, **kwargs)
           ^^^^^^^^^^^^^^^^^^^^^^^^^^^^^
  File "/usr/xtmp/btf12/ras_venv/lib/python3.11/site-packages/transformers/utils/generic.py", line 1068, in wrapper
    output = func(self, *args, **kwargs)
             ^^^^^^^^^^^^^^^^^^^^^^^^^^^
  File "/usr/xtmp/btf12/ras_venv/lib/python3.11/site-packages/transformers/utils/output_capturing.py", line 262, in wrapper
    outputs = func(self, *args, **kwargs)
              ^^^^^^^^^^^^^^^^^^^^^^^^^^^
  File "/usr/xtmp/btf12/ras_venv/lib/python3.11/site-packages/transformers/models/olmo3/modeling_olmo3.py", line 439, in forward
    hidden_states = decoder_layer(
                    ^^^^^^^^^^^^^^
  File "/usr/xtmp/btf12/ras_venv/lib/python3.11/site-packages/transformers/modeling_layers.py", line 114, in __call__
    return super().__call__(*args, **kwargs)
           ^^^^^^^^^^^^^^^^^^^^^^^^^^^^^^^^^
  File "/usr/xtmp/btf12/ras_venv/lib/python3.11/site-packages/torch/nn/modules/module.py", line 1778, in _wrapped_call_impl
    return self._call_impl(*args, **kwargs)
           ^^^^^^^^^^^^^^^^^^^^^^^^^^^^^^^^
  File "/usr/xtmp/btf12/ras_venv/lib/python3.11/site-packages/torch/nn/modules/module.py", line 1789, in _call_impl
    return forward_call(*args, **kwargs)
           ^^^^^^^^^^^^^^^^^^^^^^^^^^^^^
  File "/usr/xtmp/btf12/ras_venv/lib/python3.11/site-packages/transformers/models/olmo3/modeling_olmo3.py", line 250, in forward
    hidden_states, _ = self.self_attn(
                       ^^^^^^^^^^^^^^^
  File "/usr/xtmp/btf12/ras_venv/lib/python3.11/site-packages/torch/nn/modules/module.py", line 1778, in _wrapped_call_impl
    return self._call_impl(*args, **kwargs)
           ^^^^^^^^^^^^^^^^^^^^^^^^^^^^^^^^
  File "/usr/xtmp/btf12/ras_venv/lib/python3.11/site-packages/torch/nn/modules/module.py", line 1789, in _call_impl
    return forward_call(*args, **kwargs)
           ^^^^^^^^^^^^^^^^^^^^^^^^^^^^^
  File "/usr/xtmp/btf12/ras_venv/lib/python3.11/site-packages/transformers/models/olmo3/modeling_olmo3.py", line 187, in forward
    query_states, key_states = apply_rotary_pos_emb(query_states, key_states, cos, sin)
                               ^^^^^^^^^^^^^^^^^^^^^^^^^^^^^^^^^^^^^^^^^^^^^^^^^^^^^^^^
  File "/usr/xtmp/btf12/ras_venv/lib/python3.11/site-packages/transformers/models/olmo3/modeling_olmo3.py", line 125, in apply_rotary_pos_emb
    k_embed = (k * cos) + (rotate_half(k) * sin)
              ~~~~~~~~~~^~~~~~~~~~~~~~~~~~~~~~~~
torch.OutOfMemoryError: CUDA out of memory. Tried to allocate 256.00 MiB. GPU 0 has a total capacity of 23.55 GiB of which 167.25 MiB is free. Including non-PyTorch memory, this process has 23.38 GiB memory in use. Of the allocated memory 22.78 GiB is allocated by PyTorch, and 354.73 MiB is reserved by PyTorch but unallocated. If reserved but unallocated memory is large try setting PYTORCH_CUDA_ALLOC_CONF=expandable_segments:True to avoid fragmentation.  See documentation for Memory Management  (https://docs.pytorch.org/docs/stable/notes/cuda.html#optimizing-memory-usage-with-pytorch-cuda-alloc-conf)
