Warning: You are sending unauthenticated requests to the HF Hub. Please set a HF_TOKEN to enable higher rate limits and faster downloads.
[transformers] `torch_dtype` is deprecated! Use `dtype` instead!
Loading weights:   0%|          | 0/339 [00:00<?, ?it/s]Loading weights:  38%|███▊      | 128/339 [00:00<00:00, 1278.87it/s]Loading weights:  76%|███████▌  | 256/339 [00:00<00:00, 616.73it/s] Loading weights:  99%|█████████▉| 336/339 [00:00<00:00, 538.40it/s]Loading weights: 100%|██████████| 339/339 [00:00<00:00, 596.58it/s]
Loading weights:   0%|          | 0/311 [00:00<?, ?it/s]Loading weights:  17%|█▋        | 53/311 [00:00<00:00, 502.03it/s]Loading weights:  33%|███▎      | 104/311 [00:00<00:00, 460.83it/s]Loading weights:  49%|████▊     | 151/311 [00:00<00:00, 425.74it/s]Loading weights:  62%|██████▏   | 194/311 [00:00<00:00, 421.16it/s]Loading weights:  76%|███████▌  | 237/311 [00:00<00:00, 416.03it/s]Loading weights:  90%|████████▉ | 279/311 [00:00<00:00, 404.84it/s]Loading weights: 100%|██████████| 311/311 [00:00<00:00, 431.46it/s]
  diag 1/16
  diag 2/16
  diag 3/16
  diag 4/16
  diag 5/16
  diag 6/16
  diag 7/16
  diag 8/16
  diag 9/16
  diag 10/16
  diag 11/16
  diag 12/16
  diag 13/16
  diag 14/16
  diag 15/16
  diag 16/16
# Steering direction diagnostic — harness sanity + magnitude sweep (16 prompts)

steer_layer=18, ‖δ‖≈39.7. Swing = ΔRM vs base.

## (A) Harness sanity — own fitted δ (should reproduce steer_reach ≈ +0.49)
- **own_delta swing = -0.004**  ⇒ own δ also weak/negative but not catastrophic ⇒ per-prompt δ doesn't reproduce; investigate.

## (B) Magnitude sweep — shared centroid direction
- centroid @ α=0.25: swing -0.029
- centroid @ α=0.5: swing -0.265
- centroid @ α=1.0: swing -6.658

## Reading
- own δ ≈ +0.5 AND centroids negative at all α ⇒ no shared direction works (high-rank wall, clean) — steering-by-selection dead, rigorously.
- own δ catastrophic ⇒ harness bug ⇒ FIX before concluding anything about steering selection.
- centroids fluent (near 0) at low α but negative ⇒ clean 'no coverage'; catastrophic at all α ⇒ shared directions are off-manifold. Read results/steer_dir_diag/diag.json for the actual text.
{'ts': '2026-08-25T13:14:32', 'stage': 'S1', 'event': 'steer_dir_diag', 'wall_s': 452.29, 'peak_rss_gb': 0.005, 'mps_driver_gb': None, 'cuda_peak_gb': 16.495, 'gpu': 'NVIDIA RTX A5000', 'device': 'cuda', 'notes': 'steering direction diagnostic'}
steer_dir_diag done
