Warning: You are sending unauthenticated requests to the HF Hub. Please set a HF_TOKEN to enable higher rate limits and faster downloads.
[transformers] `torch_dtype` is deprecated! Use `dtype` instead!
Loading weights:   0%|          | 0/339 [00:00<?, ?it/s]Loading weights:  23%|██▎       | 77/339 [00:00<00:00, 699.53it/s]Loading weights:  43%|████▎     | 147/339 [00:00<00:00, 585.88it/s]Loading weights:  61%|██████    | 207/339 [00:00<00:00, 571.97it/s]Loading weights:  78%|███████▊  | 265/339 [00:00<00:00, 544.44it/s]Loading weights:  95%|█████████▍| 321/339 [00:00<00:00, 539.51it/s]Loading weights: 100%|██████████| 339/339 [00:00<00:00, 572.08it/s]
Loading weights:   0%|          | 0/311 [00:00<?, ?it/s]Loading weights:  19%|█▉        | 59/311 [00:00<00:00, 588.62it/s]Loading weights:  38%|███▊      | 118/311 [00:00<00:00, 470.95it/s]Loading weights:  54%|█████▍    | 168/311 [00:00<00:00, 444.28it/s]Loading weights:  69%|██████▉   | 214/311 [00:00<00:00, 442.37it/s]Loading weights:  87%|████████▋ | 272/311 [00:00<00:00, 451.54it/s]Loading weights: 100%|██████████| 311/311 [00:00<00:00, 489.20it/s]
Loading weights:   0%|          | 0/197 [00:00<?, ?it/s]Loading weights:  56%|█████▋    | 111/197 [00:00<00:00, 1103.54it/s]Loading weights: 100%|██████████| 197/197 [00:00<00:00, 1055.38it/s]
[transformers] [1mRobertaModel LOAD REPORT[0m from: roberta-base
Key                       | Status     | 
--------------------------+------------+-
lm_head.layer_norm.bias   | UNEXPECTED | 
lm_head.layer_norm.weight | UNEXPECTED | 
lm_head.dense.weight      | UNEXPECTED | 
lm_head.dense.bias        | UNEXPECTED | 
lm_head.bias              | UNEXPECTED | 
pooler.dense.bias         | MISSING    | 
pooler.dense.weight       | MISSING    | 

Notes:
- UNEXPECTED:	can be ignored when loading from different task/architecture; not ok if you expect identical arch.
- MISSING:	those params were newly initialized because missing from the checkpoint. Consider training on your downstream task.
/home/users/btf12/reward-adaptive-steering/src/bandit_online.py:266: UserWarning: Converting a tensor with requires_grad=True to a scalar may lead to unexpected behavior.
Consider using tensor.detach() first. (Triggered internally at /__w/pytorch/pytorch/torch/csrc/autograd/generated/python_variable_methods.cpp:822.)
  ep_r += rewards.tolist(); ep_ent.append(float(dist.entropy().mean()))
[2026-08-21T07:01:39.016] error: *** JOB 12380341 ON compsci-cluster-fitz-18 CANCELLED AT 2026-08-21T07:01:39 DUE TO TIME LIMIT ***
