Warning: You are sending unauthenticated requests to the HF Hub. Please set a HF_TOKEN to enable higher rate limits and faster downloads.
[transformers] `torch_dtype` is deprecated! Use `dtype` instead!
Loading weights:   0%|          | 0/339 [00:00<?, ?it/s]Loading weights:  89%|████████▉ | 301/339 [00:00<00:00, 3000.83it/s]Loading weights: 100%|██████████| 339/339 [00:00<00:00, 2847.54it/s]
  gen arm sys done
  gen arm sys+hint_not_solution done
  gen arm sys+ask_clarify done
  gen arm sys+concept_example done
{'ts': '2026-09-11T10:03:58', 'stage': 'MENTOR', 'event': 'c05_gen', 'wall_s': 1862.81, 'peak_rss_gb': 0.005, 'mps_driver_gb': None, 'cuda_peak_gb': 17.919, 'gpu': 'NVIDIA RTX A5000', 'device': 'cuda', 'notes': 'sys + additive arms'}
Warning: You are sending unauthenticated requests to the HF Hub. Please set a HF_TOKEN to enable higher rate limits and faster downloads.
[transformers] `torch_dtype` is deprecated! Use `dtype` instead!
Loading weights:   0%|          | 0/291 [00:00<?, ?it/s]Loading weights:  23%|██▎       | 68/291 [00:00<00:00, 599.76it/s]Loading weights:  44%|████▍     | 128/291 [00:00<00:00, 488.99it/s]Loading weights:  61%|██████    | 178/291 [00:00<00:00, 442.69it/s]Loading weights:  77%|███████▋  | 223/291 [00:00<00:00, 431.63it/s]Loading weights:  92%|█████████▏| 267/291 [00:00<00:00, 397.15it/s]Loading weights: 100%|██████████| 291/291 [00:00<00:00, 446.53it/s]
{'ts': '2026-09-11T12:32:26', 'stage': 'MENTOR', 'event': 'c05_judge', 'wall_s': 8898.59, 'peak_rss_gb': 0.004, 'mps_driver_gb': None, 'cuda_peak_gb': 18.341, 'gpu': 'NVIDIA RTX A5000', 'device': 'cuda', 'notes': 'sys-prompt baseline + additive'}

=== C0.5 (baseline = SYSTEM PROMPT) ===
sys absolute mentor score: mean 3.38/5  (frac>=4: 69%, frac<=2: 25%)   [C0 null base was 2.50]
sys vs null win-rate: 0.54   (does the system prompt beat no-prompt?)
INSTEAD-OF  (move vs sys):
    hint_not_solution  0.40
    ask_clarify        0.45
    concept_example    0.49
ADDITIVE    (sys+move vs sys):
    hint_not_solution  0.40
    ask_clarify        0.43
    concept_example    0.50
Green if sys leaves headroom (not ~all >=4) AND some move/additive win-rate clearly >0.5
mentor C0.5 done
