Warning: You are sending unauthenticated requests to the HF Hub. Please set a HF_TOKEN to enable higher rate limits and faster downloads.
[transformers] `torch_dtype` is deprecated! Use `dtype` instead!
Loading weights:   0%|          | 0/339 [00:00<?, ?it/s]Loading weights:  48%|████▊     | 163/339 [00:00<00:00, 1476.02it/s]Loading weights:  92%|█████████▏| 311/339 [00:00<00:00, 675.70it/s] Loading weights: 100%|██████████| 339/339 [00:00<00:00, 736.47it/s]
Loading weights:   0%|          | 0/311 [00:00<?, ?it/s]Loading weights:  32%|███▏      | 99/311 [00:00<00:00, 960.13it/s]Loading weights:  63%|██████▎   | 196/311 [00:00<00:00, 953.67it/s]Loading weights:  94%|█████████▍| 292/311 [00:00<00:00, 954.57it/s]Loading weights: 100%|██████████| 311/311 [00:00<00:00, 983.38it/s]
Loading weights:   0%|          | 0/197 [00:00<?, ?it/s]Loading weights:  63%|██████▎   | 125/197 [00:00<00:00, 1192.97it/s]Loading weights: 100%|██████████| 197/197 [00:00<00:00, 1428.87it/s]
[transformers] [1mRobertaModel LOAD REPORT[0m from: roberta-base
Key                       | Status     | 
--------------------------+------------+-
lm_head.layer_norm.bias   | UNEXPECTED | 
lm_head.bias              | UNEXPECTED | 
lm_head.dense.weight      | UNEXPECTED | 
lm_head.layer_norm.weight | UNEXPECTED | 
lm_head.dense.bias        | UNEXPECTED | 
pooler.dense.bias         | MISSING    | 
pooler.dense.weight       | MISSING    | 

Notes:
- UNEXPECTED:	can be ignored when loading from different task/architecture; not ok if you expect identical arch.
- MISSING:	those params were newly initialized because missing from the checkpoint. Consider training on your downstream task.
[frozen] epoch 1/8  train_reward -0.174  entropy 2.081  usage [0.16, 0.11, 0.09, 0.11, 0.22, 0.05, 0.12, 0.07, 0.07]
[frozen] epoch 2/8  train_reward +0.058  entropy 1.891  usage [0.17, 0.19, 0.08, 0.13, 0.3, 0.01, 0.07, 0.02, 0.02]
[2026-08-21T15:14:32.600] error: *** JOB 12382856 ON compsci-cluster-fitz-02 CANCELLED AT 2026-08-21T15:14:32 DUE to SIGNAL Terminated ***
