Warning: You are sending unauthenticated requests to the HF Hub. Please set a HF_TOKEN to enable higher rate limits and faster downloads.
[transformers] `torch_dtype` is deprecated! Use `dtype` instead!
Loading weights:   0%|          | 0/339 [00:00<?, ?it/s]Loading weights:  44%|████▍     | 149/339 [00:00<00:00, 1429.71it/s]Loading weights:  91%|█████████▏| 310/339 [00:00<00:00, 1490.40it/s]Loading weights: 100%|██████████| 339/339 [00:00<00:00, 1357.13it/s]
Loading weights:   0%|          | 0/311 [00:00<?, ?it/s]Loading weights:  46%|████▌     | 142/311 [00:00<00:00, 1345.89it/s]Loading weights:  93%|█████████▎| 290/311 [00:00<00:00, 1422.88it/s]Loading weights: 100%|██████████| 311/311 [00:00<00:00, 1507.40it/s]
  shard 2: 25/590
  shard 2: 50/590
  shard 2: 75/590
  shard 2: 100/590
  shard 2: 125/590
  shard 2: 150/590
  shard 2: 175/590
  shard 2: 200/590
  shard 2: 225/590
  shard 2: 250/590
  shard 2: 275/590
  shard 2: 300/590
  shard 2: 325/590
  shard 2: 350/590
  shard 2: 375/590
  shard 2: 400/590
  shard 2: 425/590
  shard 2: 450/590
  shard 2: 475/590
  shard 2: 500/590
  shard 2: 525/590
[2026-09-01T02:26:03.013] error: *** JOB 12465544 ON compsci-cluster-fitz-23 CANCELLED AT 2026-09-01T02:26:03 DUE TO TIME LIMIT ***
