Warning: You are sending unauthenticated requests to the HF Hub. Please set a HF_TOKEN to enable higher rate limits and faster downloads.
[transformers] `torch_dtype` is deprecated! Use `dtype` instead!
Loading weights:   0%|          | 0/355 [00:00<?, ?it/s]Loading weights:  36%|███▌      | 127/355 [00:00<00:00, 1209.81it/s]Loading weights:  72%|███████▏  | 254/355 [00:00<00:00, 1244.24it/s]Loading weights: 100%|██████████| 355/355 [00:00<00:00, 1321.58it/s]
[transformers] The following generation flags are not valid and may be ignored: ['temperature', 'top_p']. Set `TRANSFORMERS_VERBOSITY=info` for more details.
gen shard 2/4: 120 prompts, 0 cells already done
  gen move 0 (null) done
  gen move 1 (code) done
  gen move 2 (factual) done
  gen move 3 (howto) done
  gen move 4 (prose) done
  gen move 5 (math) done
  gen move 6 (email) done
  gen move 7 (summary) done
  gen move 8 (definition) done
  gen move 9 (comparison) done
  gen move 10 (list) done
  gen move 11 (dialogue) done
  gen move 12 (review) done
[W908 14:29:09.313291330 CUDACachingAllocator.cpp:508] expandable_segments: memory mapping failed with OOM on device 0 while trying to map 20971520 bytes (free: 20185088, total: 25285623808).
[W908 14:29:09.593024244 CUDACachingAllocator.cpp:508] expandable_segments: memory mapping failed with OOM on device 0 while trying to map 20971520 bytes (free: 5505024, total: 25285623808).
[W908 14:29:09.774061006 CUDACachingAllocator.cpp:508] expandable_segments: memory mapping failed with OOM on device 0 while trying to map 20971520 bytes (free: 5505024, total: 25285623808).
[W908 14:29:09.014114111 CUDACachingAllocator.cpp:508] expandable_segments: memory mapping failed with OOM on device 0 while trying to map 20971520 bytes (free: 5505024, total: 25285623808).
[W908 14:29:10.197624667 CUDACachingAllocator.cpp:508] expandable_segments: memory mapping failed with OOM on device 0 while trying to map 20971520 bytes (free: 5505024, total: 25285623808).
[W908 14:29:10.573509851 CUDACachingAllocator.cpp:508] expandable_segments: memory mapping failed with OOM on device 0 while trying to map 20971520 bytes (free: 5505024, total: 25285623808).
[W908 14:29:10.813301044 CUDACachingAllocator.cpp:508] expandable_segments: memory mapping failed with OOM on device 0 while trying to map 20971520 bytes (free: 5505024, total: 25285623808).
[W908 14:29:10.949600899 CUDACachingAllocator.cpp:508] expandable_segments: memory mapping failed with OOM on device 0 while trying to map 20971520 bytes (free: 5505024, total: 25285623808).
[W908 14:29:10.038761566 CUDACachingAllocator.cpp:508] expandable_segments: memory mapping failed with OOM on device 0 while trying to map 20971520 bytes (free: 5505024, total: 25285623808).
[W908 14:29:11.194433088 CUDACachingAllocator.cpp:508] expandable_segments: memory mapping failed with OOM on device 0 while trying to map 20971520 bytes (free: 5505024, total: 25285623808).
[W908 14:29:11.307805321 CUDACachingAllocator.cpp:508] expandable_segments: memory mapping failed with OOM on device 0 while trying to map 20971520 bytes (free: 5505024, total: 25285623808).
[W908 14:29:11.457489178 CUDACachingAllocator.cpp:508] expandable_segments: memory mapping failed with OOM on device 0 while trying to map 20971520 bytes (free: 5505024, total: 25285623808).
[W908 14:29:11.655795355 CUDACachingAllocator.cpp:508] expandable_segments: memory mapping failed with OOM on device 0 while trying to map 20971520 bytes (free: 5505024, total: 25285623808).
[W908 14:29:11.816022335 CUDACachingAllocator.cpp:508] expandable_segments: memory mapping failed with OOM on device 0 while trying to map 20971520 bytes (free: 5505024, total: 25285623808).
[W908 14:29:11.998200223 CUDACachingAllocator.cpp:508] expandable_segments: memory mapping failed with OOM on device 0 while trying to map 20971520 bytes (free: 5505024, total: 25285623808).
[W908 14:29:12.100583213 CUDACachingAllocator.cpp:508] expandable_segments: memory mapping failed with OOM on device 0 while trying to map 20971520 bytes (free: 5505024, total: 25285623808).
[W908 14:29:12.267655683 CUDACachingAllocator.cpp:508] expandable_segments: memory mapping failed with OOM on device 0 while trying to map 20971520 bytes (free: 5505024, total: 25285623808).
[W908 14:29:12.431030039 CUDACachingAllocator.cpp:508] expandable_segments: memory mapping failed with OOM on device 0 while trying to map 20971520 bytes (free: 5505024, total: 25285623808).
[W908 14:29:12.539789068 CUDACachingAllocator.cpp:508] expandable_segments: memory mapping failed with OOM on device 0 while trying to map 20971520 bytes (free: 5505024, total: 25285623808).
[W908 14:29:12.631971986 CUDACachingAllocator.cpp:508] expandable_segments: memory mapping failed with OOM on device 0 while trying to map 20971520 bytes (free: 5505024, total: 25285623808).
[W908 14:29:12.730281071 CUDACachingAllocator.cpp:508] expandable_segments: memory mapping failed with OOM on device 0 while trying to map 20971520 bytes (free: 5505024, total: 25285623808).
[W908 14:29:12.877422851 CUDACachingAllocator.cpp:508] expandable_segments: memory mapping failed with OOM on device 0 while trying to map 20971520 bytes (free: 5505024, total: 25285623808).
[W908 14:29:12.975472209 CUDACachingAllocator.cpp:508] expandable_segments: memory mapping failed with OOM on device 0 while trying to map 20971520 bytes (free: 5505024, total: 25285623808).
[W908 14:29:13.075724030 CUDACachingAllocator.cpp:508] expandable_segments: memory mapping failed with OOM on device 0 while trying to map 20971520 bytes (free: 5505024, total: 25285623808).
[W908 14:29:13.156680587 CUDACachingAllocator.cpp:508] expandable_segments: memory mapping failed with OOM on device 0 while trying to map 20971520 bytes (free: 5505024, total: 25285623808).
[W908 14:29:13.198200638 CUDACachingAllocator.cpp:508] expandable_segments: memory mapping failed with OOM on device 0 while trying to map 20971520 bytes (free: 5505024, total: 25285623808).
[W908 14:29:13.284269045 CUDACachingAllocator.cpp:508] expandable_segments: memory mapping failed with OOM on device 0 while trying to map 20971520 bytes (free: 5505024, total: 25285623808).
[W908 14:29:13.356191604 CUDACachingAllocator.cpp:508] expandable_segments: memory mapping failed with OOM on device 0 while trying to map 20971520 bytes (free: 5505024, total: 25285623808).
[W908 14:29:13.451762629 CUDACachingAllocator.cpp:508] expandable_segments: memory mapping failed with OOM on device 0 while trying to map 20971520 bytes (free: 5505024, total: 25285623808).
[W908 14:29:13.537253121 CUDACachingAllocator.cpp:508] expandable_segments: memory mapping failed with OOM on device 0 while trying to map 20971520 bytes (free: 5505024, total: 25285623808).
[W908 14:29:13.599555731 CUDACachingAllocator.cpp:508] expandable_segments: memory mapping failed with OOM on device 0 while trying to map 20971520 bytes (free: 5505024, total: 25285623808).
[W908 14:29:13.671668828 CUDACachingAllocator.cpp:508] expandable_segments: memory mapping failed with OOM on device 0 while trying to map 20971520 bytes (free: 5505024, total: 25285623808).
[W908 14:29:13.760715766 CUDACachingAllocator.cpp:508] expandable_segments: memory mapping failed with OOM on device 0 while trying to map 20971520 bytes (free: 5505024, total: 25285623808).
[W908 14:29:13.841946173 CUDACachingAllocator.cpp:508] expandable_segments: memory mapping failed with OOM on device 0 while trying to map 20971520 bytes (free: 5505024, total: 25285623808).
[W908 14:29:13.942396955 CUDACachingAllocator.cpp:508] expandable_segments: memory mapping failed with OOM on device 0 while trying to map 20971520 bytes (free: 5505024, total: 25285623808).
[W908 14:29:14.093386080 CUDACachingAllocator.cpp:508] expandable_segments: memory mapping failed with OOM on device 0 while trying to map 20971520 bytes (free: 5505024, total: 25285623808).
[W908 14:29:14.209736473 CUDACachingAllocator.cpp:508] expandable_segments: memory mapping failed with OOM on device 0 while trying to map 20971520 bytes (free: 5505024, total: 25285623808).
[W908 14:29:14.310857333 CUDACachingAllocator.cpp:508] expandable_segments: memory mapping failed with OOM on device 0 while trying to map 20971520 bytes (free: 5505024, total: 25285623808).
[W908 14:29:14.459633876 CUDACachingAllocator.cpp:508] expandable_segments: memory mapping failed with OOM on device 0 while trying to map 20971520 bytes (free: 5505024, total: 25285623808).
[W908 14:29:14.553178450 CUDACachingAllocator.cpp:508] expandable_segments: memory mapping failed with OOM on device 0 while trying to map 20971520 bytes (free: 5505024, total: 25285623808).
[W908 14:29:14.656704388 CUDACachingAllocator.cpp:508] expandable_segments: memory mapping failed with OOM on device 0 while trying to map 20971520 bytes (free: 5505024, total: 25285623808).
[W908 14:29:14.803338205 CUDACachingAllocator.cpp:508] expandable_segments: memory mapping failed with OOM on device 0 while trying to map 20971520 bytes (free: 5505024, total: 25285623808).
[W908 14:29:14.837513746 CUDACachingAllocator.cpp:508] expandable_segments: memory mapping failed with OOM on device 0 while trying to map 20971520 bytes (free: 5505024, total: 25285623808).
[W908 14:29:14.911577475 CUDACachingAllocator.cpp:508] expandable_segments: memory mapping failed with OOM on device 0 while trying to map 20971520 bytes (free: 5505024, total: 25285623808).
[W908 14:29:14.938898875 CUDACachingAllocator.cpp:508] expandable_segments: memory mapping failed with OOM on device 0 while trying to map 20971520 bytes (free: 5505024, total: 25285623808).
[W908 14:29:14.963327442 CUDACachingAllocator.cpp:508] expandable_segments: memory mapping failed with OOM on device 0 while trying to map 20971520 bytes (free: 5505024, total: 25285623808).
[W908 14:29:14.988589950 CUDACachingAllocator.cpp:508] expandable_segments: memory mapping failed with OOM on device 0 while trying to map 20971520 bytes (free: 5505024, total: 25285623808).
[W908 14:29:14.032474390 CUDACachingAllocator.cpp:508] expandable_segments: memory mapping failed with OOM on device 0 while trying to map 20971520 bytes (free: 5505024, total: 25285623808).
[W908 14:29:14.054808531 CUDACachingAllocator.cpp:508] expandable_segments: memory mapping failed with OOM on device 0 while trying to map 20971520 bytes (free: 5505024, total: 25285623808).
[W908 14:29:15.077491896 CUDACachingAllocator.cpp:508] expandable_segments: memory mapping failed with OOM on device 0 while trying to map 20971520 bytes (free: 5505024, total: 25285623808).
[W908 14:29:15.103202683 CUDACachingAllocator.cpp:508] expandable_segments: memory mapping failed with OOM on device 0 while trying to map 20971520 bytes (free: 5505024, total: 25285623808).
[W908 14:29:15.144374592 CUDACachingAllocator.cpp:508] expandable_segments: memory mapping failed with OOM on device 0 while trying to map 20971520 bytes (free: 5505024, total: 25285623808).
[W908 14:29:15.179494714 CUDACachingAllocator.cpp:508] expandable_segments: memory mapping failed with OOM on device 0 while trying to map 20971520 bytes (free: 5505024, total: 25285623808).
[W908 14:29:15.195022910 CUDACachingAllocator.cpp:508] expandable_segments: memory mapping failed with OOM on device 0 while trying to map 20971520 bytes (free: 5505024, total: 25285623808).
[W908 14:29:15.219688866 CUDACachingAllocator.cpp:508] expandable_segments: memory mapping failed with OOM on device 0 while trying to map 20971520 bytes (free: 5505024, total: 25285623808).
[W908 14:29:15.243571184 CUDACachingAllocator.cpp:508] expandable_segments: memory mapping failed with OOM on device 0 while trying to map 20971520 bytes (free: 5505024, total: 25285623808).
[W908 14:29:15.264440745 CUDACachingAllocator.cpp:508] expandable_segments: memory mapping failed with OOM on device 0 while trying to map 20971520 bytes (free: 5505024, total: 25285623808).
[W908 14:29:15.276377831 CUDACachingAllocator.cpp:508] expandable_segments: memory mapping failed with OOM on device 0 while trying to map 20971520 bytes (free: 5505024, total: 25285623808).
[W908 14:29:15.305414787 CUDACachingAllocator.cpp:508] expandable_segments: memory mapping failed with OOM on device 0 while trying to map 20971520 bytes (free: 5505024, total: 25285623808).
[W908 14:29:15.321997657 CUDACachingAllocator.cpp:508] expandable_segments: memory mapping failed with OOM on device 0 while trying to map 20971520 bytes (free: 5505024, total: 25285623808).
[W908 14:29:15.335939162 CUDACachingAllocator.cpp:508] expandable_segments: memory mapping failed with OOM on device 0 while trying to map 20971520 bytes (free: 5505024, total: 25285623808).
[W908 14:29:15.353894500 CUDACachingAllocator.cpp:508] expandable_segments: memory mapping failed with OOM on device 0 while trying to map 20971520 bytes (free: 5505024, total: 25285623808).
[W908 14:29:15.361918654 CUDACachingAllocator.cpp:508] expandable_segments: memory mapping failed with OOM on device 0 while trying to map 20971520 bytes (free: 5505024, total: 25285623808).
[W908 14:29:15.369505387 CUDACachingAllocator.cpp:508] expandable_segments: memory mapping failed with OOM on device 0 while trying to map 20971520 bytes (free: 5505024, total: 25285623808).
[W908 14:29:15.384785149 CUDACachingAllocator.cpp:508] expandable_segments: memory mapping failed with OOM on device 0 while trying to map 20971520 bytes (free: 5505024, total: 25285623808).
[W908 14:29:15.397892862 CUDACachingAllocator.cpp:508] expandable_segments: memory mapping failed with OOM on device 0 while trying to map 20971520 bytes (free: 5505024, total: 25285623808).
[W908 14:29:15.405604154 CUDACachingAllocator.cpp:508] expandable_segments: memory mapping failed with OOM on device 0 while trying to map 20971520 bytes (free: 5505024, total: 25285623808).
[W908 14:29:15.413619796 CUDACachingAllocator.cpp:508] expandable_segments: memory mapping failed with OOM on device 0 while trying to map 20971520 bytes (free: 5505024, total: 25285623808).
[W908 14:29:15.420880240 CUDACachingAllocator.cpp:508] expandable_segments: memory mapping failed with OOM on device 0 while trying to map 20971520 bytes (free: 5505024, total: 25285623808).
[W908 14:29:15.443856234 CUDACachingAllocator.cpp:508] expandable_segments: memory mapping failed with OOM on device 0 while trying to map 20971520 bytes (free: 5505024, total: 25285623808).
[W908 14:29:15.451836753 CUDACachingAllocator.cpp:508] expandable_segments: memory mapping failed with OOM on device 0 while trying to map 20971520 bytes (free: 5505024, total: 25285623808).
[W908 14:29:15.460357162 CUDACachingAllocator.cpp:508] expandable_segments: memory mapping failed with OOM on device 0 while trying to map 20971520 bytes (free: 5505024, total: 25285623808).
[W908 14:29:15.470660793 CUDACachingAllocator.cpp:508] expandable_segments: memory mapping failed with OOM on device 0 while trying to map 20971520 bytes (free: 5505024, total: 25285623808).
[W908 14:29:15.481319958 CUDACachingAllocator.cpp:508] expandable_segments: memory mapping failed with OOM on device 0 while trying to map 20971520 bytes (free: 5505024, total: 25285623808).
[W908 14:29:15.488094928 CUDACachingAllocator.cpp:508] expandable_segments: memory mapping failed with OOM on device 0 while trying to map 20971520 bytes (free: 5505024, total: 25285623808).
[W908 14:29:15.495776092 CUDACachingAllocator.cpp:508] expandable_segments: memory mapping failed with OOM on device 0 while trying to map 20971520 bytes (free: 5505024, total: 25285623808).
[W908 14:29:15.503564200 CUDACachingAllocator.cpp:508] expandable_segments: memory mapping failed with OOM on device 0 while trying to map 20971520 bytes (free: 5505024, total: 25285623808).
[W908 14:29:15.511018764 CUDACachingAllocator.cpp:508] expandable_segments: memory mapping failed with OOM on device 0 while trying to map 20971520 bytes (free: 5505024, total: 25285623808).
[W908 14:29:15.519887429 CUDACachingAllocator.cpp:508] expandable_segments: memory mapping failed with OOM on device 0 while trying to map 20971520 bytes (free: 5505024, total: 25285623808).
[W908 14:29:15.532605961 CUDACachingAllocator.cpp:508] expandable_segments: memory mapping failed with OOM on device 0 while trying to map 20971520 bytes (free: 5505024, total: 25285623808).
[W908 14:29:15.543703144 CUDACachingAllocator.cpp:508] expandable_segments: memory mapping failed with OOM on device 0 while trying to map 20971520 bytes (free: 5505024, total: 25285623808).
[W908 14:29:15.555922383 CUDACachingAllocator.cpp:508] expandable_segments: memory mapping failed with OOM on device 0 while trying to map 20971520 bytes (free: 5505024, total: 25285623808).
[W908 14:29:15.579130266 CUDACachingAllocator.cpp:508] expandable_segments: memory mapping failed with OOM on device 0 while trying to map 20971520 bytes (free: 5505024, total: 25285623808).
[W908 14:29:15.587064399 CUDACachingAllocator.cpp:508] expandable_segments: memory mapping failed with OOM on device 0 while trying to map 20971520 bytes (free: 5505024, total: 25285623808).
[W908 14:29:15.595405651 CUDACachingAllocator.cpp:508] expandable_segments: memory mapping failed with OOM on device 0 while trying to map 20971520 bytes (free: 5505024, total: 25285623808).
[W908 14:29:15.610046113 CUDACachingAllocator.cpp:508] expandable_segments: memory mapping failed with OOM on device 0 while trying to map 20971520 bytes (free: 5505024, total: 25285623808).
[W908 14:29:15.623934172 CUDACachingAllocator.cpp:508] expandable_segments: memory mapping failed with OOM on device 0 while trying to map 20971520 bytes (free: 5505024, total: 25285623808).
[W908 14:29:15.643694635 CUDACachingAllocator.cpp:508] expandable_segments: memory mapping failed with OOM on device 0 while trying to map 20971520 bytes (free: 5505024, total: 25285623808).
[W908 14:29:15.690930301 CUDACachingAllocator.cpp:508] expandable_segments: memory mapping failed with OOM on device 0 while trying to map 20971520 bytes (free: 5505024, total: 25285623808).
[W908 14:29:15.711696625 CUDACachingAllocator.cpp:508] expandable_segments: memory mapping failed with OOM on device 0 while trying to map 20971520 bytes (free: 5505024, total: 25285623808).
[W908 14:29:15.721424603 CUDACachingAllocator.cpp:508] expandable_segments: memory mapping failed with OOM on device 0 while trying to map 20971520 bytes (free: 5505024, total: 25285623808).
[W908 14:29:15.728344291 CUDACachingAllocator.cpp:508] expandable_segments: memory mapping failed with OOM on device 0 while trying to map 20971520 bytes (free: 5505024, total: 25285623808).
[W908 14:29:15.742385540 CUDACachingAllocator.cpp:508] expandable_segments: memory mapping failed with OOM on device 0 while trying to map 20971520 bytes (free: 5505024, total: 25285623808).
[W908 14:29:15.749150592 CUDACachingAllocator.cpp:508] expandable_segments: memory mapping failed with OOM on device 0 while trying to map 20971520 bytes (free: 5505024, total: 25285623808).
[W908 14:29:15.760460007 CUDACachingAllocator.cpp:508] expandable_segments: memory mapping failed with OOM on device 0 while trying to map 20971520 bytes (free: 5505024, total: 25285623808).
[W908 14:29:15.778408551 CUDACachingAllocator.cpp:508] expandable_segments: memory mapping failed with OOM on device 0 while trying to map 20971520 bytes (free: 5505024, total: 25285623808).
[W908 14:29:15.786606706 CUDACachingAllocator.cpp:508] expandable_segments: memory mapping failed with OOM on device 0 while trying to map 20971520 bytes (free: 5505024, total: 25285623808).
[W908 14:29:15.798946110 CUDACachingAllocator.cpp:508] expandable_segments: memory mapping failed with OOM on device 0 while trying to map 20971520 bytes (free: 5505024, total: 25285623808).
[W908 14:29:15.812876541 CUDACachingAllocator.cpp:508] expandable_segments: memory mapping failed with OOM on device 0 while trying to map 20971520 bytes (free: 5505024, total: 25285623808).
[W908 14:29:15.819935275 CUDACachingAllocator.cpp:508] expandable_segments: memory mapping failed with OOM on device 0 while trying to map 20971520 bytes (free: 5505024, total: 25285623808).
[W908 14:29:15.827605460 CUDACachingAllocator.cpp:508] expandable_segments: memory mapping failed with OOM on device 0 while trying to map 20971520 bytes (free: 5505024, total: 25285623808).
[W908 14:29:15.841441872 CUDACachingAllocator.cpp:508] expandable_segments: memory mapping failed with OOM on device 0 while trying to map 20971520 bytes (free: 5505024, total: 25285623808).
[W908 14:29:15.852496575 CUDACachingAllocator.cpp:508] expandable_segments: memory mapping failed with OOM on device 0 while trying to map 20971520 bytes (free: 5505024, total: 25285623808).
[W908 14:29:15.879352632 CUDACachingAllocator.cpp:508] expandable_segments: memory mapping failed with OOM on device 0 while trying to map 20971520 bytes (free: 5505024, total: 25285623808).
[W908 14:29:15.889041353 CUDACachingAllocator.cpp:508] expandable_segments: memory mapping failed with OOM on device 0 while trying to map 20971520 bytes (free: 5505024, total: 25285623808).
[W908 14:29:15.901770502 CUDACachingAllocator.cpp:508] expandable_segments: memory mapping failed with OOM on device 0 while trying to map 20971520 bytes (free: 5505024, total: 25285623808).
[W908 14:29:15.909113285 CUDACachingAllocator.cpp:508] expandable_segments: memory mapping failed with OOM on device 0 while trying to map 20971520 bytes (free: 5505024, total: 25285623808).
[W908 14:29:15.919368103 CUDACachingAllocator.cpp:508] expandable_segments: memory mapping failed with OOM on device 0 while trying to map 20971520 bytes (free: 5505024, total: 25285623808).
[W908 14:29:15.934380330 CUDACachingAllocator.cpp:508] expandable_segments: memory mapping failed with OOM on device 0 while trying to map 20971520 bytes (free: 5505024, total: 25285623808).
[W908 14:29:15.945670893 CUDACachingAllocator.cpp:508] expandable_segments: memory mapping failed with OOM on device 0 while trying to map 20971520 bytes (free: 5505024, total: 25285623808).
[W908 14:29:15.953549281 CUDACachingAllocator.cpp:508] expandable_segments: memory mapping failed with OOM on device 0 while trying to map 20971520 bytes (free: 5505024, total: 25285623808).
[W908 14:29:15.962643669 CUDACachingAllocator.cpp:508] expandable_segments: memory mapping failed with OOM on device 0 while trying to map 20971520 bytes (free: 5505024, total: 25285623808).
[W908 14:29:15.973098322 CUDACachingAllocator.cpp:508] expandable_segments: memory mapping failed with OOM on device 0 while trying to map 20971520 bytes (free: 5505024, total: 25285623808).
[W908 14:29:15.985724583 CUDACachingAllocator.cpp:508] expandable_segments: memory mapping failed with OOM on device 0 while trying to map 20971520 bytes (free: 5505024, total: 25285623808).
[W908 14:29:15.993331326 CUDACachingAllocator.cpp:508] expandable_segments: memory mapping failed with OOM on device 0 while trying to map 20971520 bytes (free: 5505024, total: 25285623808).
[W908 14:29:15.007052149 CUDACachingAllocator.cpp:508] expandable_segments: memory mapping failed with OOM on device 0 while trying to map 20971520 bytes (free: 5505024, total: 25285623808).
[W908 14:29:15.027967001 CUDACachingAllocator.cpp:508] expandable_segments: memory mapping failed with OOM on device 0 while trying to map 20971520 bytes (free: 5505024, total: 25285623808).
[W908 14:29:15.036457988 CUDACachingAllocator.cpp:508] expandable_segments: memory mapping failed with OOM on device 0 while trying to map 20971520 bytes (free: 5505024, total: 25285623808).
[W908 14:29:15.050513364 CUDACachingAllocator.cpp:508] expandable_segments: memory mapping failed with OOM on device 0 while trying to map 20971520 bytes (free: 5505024, total: 25285623808).
[W908 14:29:16.073690153 CUDACachingAllocator.cpp:508] expandable_segments: memory mapping failed with OOM on device 0 while trying to map 20971520 bytes (free: 5505024, total: 25285623808).
[W908 14:29:16.087976157 CUDACachingAllocator.cpp:508] expandable_segments: memory mapping failed with OOM on device 0 while trying to map 20971520 bytes (free: 5505024, total: 25285623808).
[W908 14:29:16.101040576 CUDACachingAllocator.cpp:508] expandable_segments: memory mapping failed with OOM on device 0 while trying to map 20971520 bytes (free: 5505024, total: 25285623808).
[W908 14:29:16.111104474 CUDACachingAllocator.cpp:508] expandable_segments: memory mapping failed with OOM on device 0 while trying to map 20971520 bytes (free: 5505024, total: 25285623808).
[W908 14:29:16.123215449 CUDACachingAllocator.cpp:508] expandable_segments: memory mapping failed with OOM on device 0 while trying to map 20971520 bytes (free: 5505024, total: 25285623808).
[W908 14:29:16.137307471 CUDACachingAllocator.cpp:508] expandable_segments: memory mapping failed with OOM on device 0 while trying to map 20971520 bytes (free: 5505024, total: 25285623808).
[W908 14:29:16.161257140 CUDACachingAllocator.cpp:508] expandable_segments: memory mapping failed with OOM on device 0 while trying to map 20971520 bytes (free: 5505024, total: 25285623808).
[W908 14:29:16.182975292 CUDACachingAllocator.cpp:508] expandable_segments: memory mapping failed with OOM on device 0 while trying to map 20971520 bytes (free: 5505024, total: 25285623808).
[W908 14:29:16.211958684 CUDACachingAllocator.cpp:508] expandable_segments: memory mapping failed with OOM on device 0 while trying to map 20971520 bytes (free: 5505024, total: 25285623808).
[W908 14:29:16.221223897 CUDACachingAllocator.cpp:508] expandable_segments: memory mapping failed with OOM on device 0 while trying to map 20971520 bytes (free: 5505024, total: 25285623808).
[W908 14:29:16.229168356 CUDACachingAllocator.cpp:508] expandable_segments: memory mapping failed with OOM on device 0 while trying to map 20971520 bytes (free: 5505024, total: 25285623808).
[W908 14:29:16.236707056 CUDACachingAllocator.cpp:508] expandable_segments: memory mapping failed with OOM on device 0 while trying to map 20971520 bytes (free: 5505024, total: 25285623808).
[W908 14:29:16.251332759 CUDACachingAllocator.cpp:508] expandable_segments: memory mapping failed with OOM on device 0 while trying to map 20971520 bytes (free: 5505024, total: 25285623808).
[W908 14:29:16.268622458 CUDACachingAllocator.cpp:508] expandable_segments: memory mapping failed with OOM on device 0 while trying to map 20971520 bytes (free: 5505024, total: 25285623808).
[W908 14:29:16.280685199 CUDACachingAllocator.cpp:508] expandable_segments: memory mapping failed with OOM on device 0 while trying to map 20971520 bytes (free: 5505024, total: 25285623808).
[W908 14:29:16.295468869 CUDACachingAllocator.cpp:508] expandable_segments: memory mapping failed with OOM on device 0 while trying to map 20971520 bytes (free: 5505024, total: 25285623808).
[W908 14:29:16.308720957 CUDACachingAllocator.cpp:508] expandable_segments: memory mapping failed with OOM on device 0 while trying to map 20971520 bytes (free: 5505024, total: 25285623808).
[W908 14:29:16.336677064 CUDACachingAllocator.cpp:508] expandable_segments: memory mapping failed with OOM on device 0 while trying to map 20971520 bytes (free: 5505024, total: 25285623808).
[W908 14:29:16.352406190 CUDACachingAllocator.cpp:508] expandable_segments: memory mapping failed with OOM on device 0 while trying to map 20971520 bytes (free: 5505024, total: 25285623808).
[W908 14:29:16.365899165 CUDACachingAllocator.cpp:508] expandable_segments: memory mapping failed with OOM on device 0 while trying to map 20971520 bytes (free: 5505024, total: 25285623808).
[W908 14:29:16.388167841 CUDACachingAllocator.cpp:508] expandable_segments: memory mapping failed with OOM on device 0 while trying to map 20971520 bytes (free: 5505024, total: 25285623808).
[W908 14:29:16.410807530 CUDACachingAllocator.cpp:508] expandable_segments: memory mapping failed with OOM on device 0 while trying to map 20971520 bytes (free: 5505024, total: 25285623808).
[W908 14:29:16.419506342 CUDACachingAllocator.cpp:508] expandable_segments: memory mapping failed with OOM on device 0 while trying to map 20971520 bytes (free: 5505024, total: 25285623808).
[W908 14:29:16.428220329 CUDACachingAllocator.cpp:508] expandable_segments: memory mapping failed with OOM on device 0 while trying to map 20971520 bytes (free: 5505024, total: 25285623808).
[W908 14:29:16.435987724 CUDACachingAllocator.cpp:508] expandable_segments: memory mapping failed with OOM on device 0 while trying to map 20971520 bytes (free: 5505024, total: 25285623808).
[W908 14:29:16.452854521 CUDACachingAllocator.cpp:508] expandable_segments: memory mapping failed with OOM on device 0 while trying to map 20971520 bytes (free: 5505024, total: 25285623808).
[W908 14:29:16.461087479 CUDACachingAllocator.cpp:508] expandable_segments: memory mapping failed with OOM on device 0 while trying to map 20971520 bytes (free: 5505024, total: 25285623808).
[W908 14:29:16.469515827 CUDACachingAllocator.cpp:508] expandable_segments: memory mapping failed with OOM on device 0 while trying to map 20971520 bytes (free: 5505024, total: 25285623808).
[W908 14:29:16.481685119 CUDACachingAllocator.cpp:508] expandable_segments: memory mapping failed with OOM on device 0 while trying to map 20971520 bytes (free: 5505024, total: 25285623808).
[W908 14:29:16.499341900 CUDACachingAllocator.cpp:508] expandable_segments: memory mapping failed with OOM on device 0 while trying to map 20971520 bytes (free: 5505024, total: 25285623808).
[W908 14:29:16.506744943 CUDACachingAllocator.cpp:508] expandable_segments: memory mapping failed with OOM on device 0 while trying to map 20971520 bytes (free: 5505024, total: 25285623808).
[W908 14:29:16.515873804 CUDACachingAllocator.cpp:508] expandable_segments: memory mapping failed with OOM on device 0 while trying to map 20971520 bytes (free: 5505024, total: 25285623808).
[W908 14:29:16.527364034 CUDACachingAllocator.cpp:508] expandable_segments: memory mapping failed with OOM on device 0 while trying to map 20971520 bytes (free: 5505024, total: 25285623808).
[W908 14:29:16.536921976 CUDACachingAllocator.cpp:508] expandable_segments: memory mapping failed with OOM on device 0 while trying to map 20971520 bytes (free: 5505024, total: 25285623808).
[W908 14:29:16.549166411 CUDACachingAllocator.cpp:508] expandable_segments: memory mapping failed with OOM on device 0 while trying to map 20971520 bytes (free: 5505024, total: 25285623808).
[W908 14:29:16.558850446 CUDACachingAllocator.cpp:508] expandable_segments: memory mapping failed with OOM on device 0 while trying to map 20971520 bytes (free: 5505024, total: 25285623808).
[W908 14:29:16.570760501 CUDACachingAllocator.cpp:508] expandable_segments: memory mapping failed with OOM on device 0 while trying to map 20971520 bytes (free: 5505024, total: 25285623808).
[W908 14:29:16.589254033 CUDACachingAllocator.cpp:508] expandable_segments: memory mapping failed with OOM on device 0 while trying to map 20971520 bytes (free: 5505024, total: 25285623808).
[W908 14:29:16.598791547 CUDACachingAllocator.cpp:508] expandable_segments: memory mapping failed with OOM on device 0 while trying to map 20971520 bytes (free: 5505024, total: 25285623808).
[W908 14:29:16.611506403 CUDACachingAllocator.cpp:508] expandable_segments: memory mapping failed with OOM on device 0 while trying to map 20971520 bytes (free: 5505024, total: 25285623808).
[W908 14:29:16.624256219 CUDACachingAllocator.cpp:508] expandable_segments: memory mapping failed with OOM on device 0 while trying to map 20971520 bytes (free: 5505024, total: 25285623808).
[W908 14:29:16.645462916 CUDACachingAllocator.cpp:508] expandable_segments: memory mapping failed with OOM on device 0 while trying to map 20971520 bytes (free: 5505024, total: 25285623808).
[W908 14:29:16.669021554 CUDACachingAllocator.cpp:508] expandable_segments: memory mapping failed with OOM on device 0 while trying to map 20971520 bytes (free: 5505024, total: 25285623808).
[W908 14:29:16.681895952 CUDACachingAllocator.cpp:508] expandable_segments: memory mapping failed with OOM on device 0 while trying to map 20971520 bytes (free: 5505024, total: 25285623808).
[W908 14:29:16.699845068 CUDACachingAllocator.cpp:508] expandable_segments: memory mapping failed with OOM on device 0 while trying to map 20971520 bytes (free: 5505024, total: 25285623808).
[W908 14:29:16.718176072 CUDACachingAllocator.cpp:508] expandable_segments: memory mapping failed with OOM on device 0 while trying to map 20971520 bytes (free: 5505024, total: 25285623808).
[W908 14:29:16.744386991 CUDACachingAllocator.cpp:508] expandable_segments: memory mapping failed with OOM on device 0 while trying to map 20971520 bytes (free: 5505024, total: 25285623808).
[W908 14:29:16.755773817 CUDACachingAllocator.cpp:508] expandable_segments: memory mapping failed with OOM on device 0 while trying to map 20971520 bytes (free: 5505024, total: 25285623808).
[W908 14:29:16.770233661 CUDACachingAllocator.cpp:508] expandable_segments: memory mapping failed with OOM on device 0 while trying to map 20971520 bytes (free: 5505024, total: 25285623808).
[W908 14:29:16.781047425 CUDACachingAllocator.cpp:508] expandable_segments: memory mapping failed with OOM on device 0 while trying to map 20971520 bytes (free: 5505024, total: 25285623808).
[W908 14:29:16.794365068 CUDACachingAllocator.cpp:508] expandable_segments: memory mapping failed with OOM on device 0 while trying to map 20971520 bytes (free: 5505024, total: 25285623808).
[W908 14:29:16.805975211 CUDACachingAllocator.cpp:508] expandable_segments: memory mapping failed with OOM on device 0 while trying to map 20971520 bytes (free: 5505024, total: 25285623808).
[W908 14:29:16.820059225 CUDACachingAllocator.cpp:508] expandable_segments: memory mapping failed with OOM on device 0 while trying to map 20971520 bytes (free: 5505024, total: 25285623808).
[W908 14:29:16.833780899 CUDACachingAllocator.cpp:508] expandable_segments: memory mapping failed with OOM on device 0 while trying to map 20971520 bytes (free: 5505024, total: 25285623808).
[W908 14:29:16.855143850 CUDACachingAllocator.cpp:508] expandable_segments: memory mapping failed with OOM on device 0 while trying to map 20971520 bytes (free: 5505024, total: 25285623808).
[W908 14:29:16.865640584 CUDACachingAllocator.cpp:508] expandable_segments: memory mapping failed with OOM on device 0 while trying to map 20971520 bytes (free: 5505024, total: 25285623808).
[W908 14:29:16.882136182 CUDACachingAllocator.cpp:508] expandable_segments: memory mapping failed with OOM on device 0 while trying to map 20971520 bytes (free: 5505024, total: 25285623808).
[W908 14:29:16.899950159 CUDACachingAllocator.cpp:508] expandable_segments: memory mapping failed with OOM on device 0 while trying to map 20971520 bytes (free: 5505024, total: 25285623808).
[W908 14:29:16.907080116 CUDACachingAllocator.cpp:508] expandable_segments: memory mapping failed with OOM on device 0 while trying to map 20971520 bytes (free: 5505024, total: 25285623808).
[W908 14:29:16.922417710 CUDACachingAllocator.cpp:508] expandable_segments: memory mapping failed with OOM on device 0 while trying to map 20971520 bytes (free: 5505024, total: 25285623808).
[W908 14:29:16.944110271 CUDACachingAllocator.cpp:508] expandable_segments: memory mapping failed with OOM on device 0 while trying to map 20971520 bytes (free: 5505024, total: 25285623808).
[W908 14:29:16.951712488 CUDACachingAllocator.cpp:508] expandable_segments: memory mapping failed with OOM on device 0 while trying to map 20971520 bytes (free: 5505024, total: 25285623808).
[W908 14:29:16.971090187 CUDACachingAllocator.cpp:508] expandable_segments: memory mapping failed with OOM on device 0 while trying to map 20971520 bytes (free: 5505024, total: 25285623808).
[W908 14:29:16.982159183 CUDACachingAllocator.cpp:508] expandable_segments: memory mapping failed with OOM on device 0 while trying to map 20971520 bytes (free: 5505024, total: 25285623808).
[W908 14:29:16.995339936 CUDACachingAllocator.cpp:508] expandable_segments: memory mapping failed with OOM on device 0 while trying to map 20971520 bytes (free: 5505024, total: 25285623808).
[W908 14:29:16.012454435 CUDACachingAllocator.cpp:508] expandable_segments: memory mapping failed with OOM on device 0 while trying to map 20971520 bytes (free: 5505024, total: 25285623808).
[W908 14:29:16.024717071 CUDACachingAllocator.cpp:508] expandable_segments: memory mapping failed with OOM on device 0 while trying to map 20971520 bytes (free: 5505024, total: 25285623808).
[W908 14:29:16.034535353 CUDACachingAllocator.cpp:508] expandable_segments: memory mapping failed with OOM on device 0 while trying to map 20971520 bytes (free: 5505024, total: 25285623808).
[W908 14:29:16.044505127 CUDACachingAllocator.cpp:508] expandable_segments: memory mapping failed with OOM on device 0 while trying to map 20971520 bytes (free: 5505024, total: 25285623808).
[W908 14:29:16.058918651 CUDACachingAllocator.cpp:508] expandable_segments: memory mapping failed with OOM on device 0 while trying to map 20971520 bytes (free: 5505024, total: 25285623808).
[W908 14:29:17.085185749 CUDACachingAllocator.cpp:508] expandable_segments: memory mapping failed with OOM on device 0 while trying to map 20971520 bytes (free: 5505024, total: 25285623808).
[W908 14:29:17.098035857 CUDACachingAllocator.cpp:508] expandable_segments: memory mapping failed with OOM on device 0 while trying to map 20971520 bytes (free: 5505024, total: 25285623808).
[W908 14:29:17.112293856 CUDACachingAllocator.cpp:508] expandable_segments: memory mapping failed with OOM on device 0 while trying to map 20971520 bytes (free: 5505024, total: 25285623808).
[W908 14:29:17.130331746 CUDACachingAllocator.cpp:508] expandable_segments: memory mapping failed with OOM on device 0 while trying to map 20971520 bytes (free: 5505024, total: 25285623808).
[W908 14:29:17.144548061 CUDACachingAllocator.cpp:508] expandable_segments: memory mapping failed with OOM on device 0 while trying to map 20971520 bytes (free: 5505024, total: 25285623808).
[W908 14:29:17.163094853 CUDACachingAllocator.cpp:508] expandable_segments: memory mapping failed with OOM on device 0 while trying to map 20971520 bytes (free: 5505024, total: 25285623808).
[W908 14:29:17.177959387 CUDACachingAllocator.cpp:508] expandable_segments: memory mapping failed with OOM on device 0 while trying to map 20971520 bytes (free: 5505024, total: 25285623808).
[W908 14:29:17.189400656 CUDACachingAllocator.cpp:508] expandable_segments: memory mapping failed with OOM on device 0 while trying to map 20971520 bytes (free: 5505024, total: 25285623808).
[W908 14:29:17.207057875 CUDACachingAllocator.cpp:508] expandable_segments: memory mapping failed with OOM on device 0 while trying to map 20971520 bytes (free: 5505024, total: 25285623808).
[W908 14:29:17.247983478 CUDACachingAllocator.cpp:508] expandable_segments: memory mapping failed with OOM on device 0 while trying to map 20971520 bytes (free: 5505024, total: 25285623808).
[W908 14:29:17.259187744 CUDACachingAllocator.cpp:508] expandable_segments: memory mapping failed with OOM on device 0 while trying to map 20971520 bytes (free: 5505024, total: 25285623808).
[W908 14:29:17.268375362 CUDACachingAllocator.cpp:508] expandable_segments: memory mapping failed with OOM on device 0 while trying to map 20971520 bytes (free: 5505024, total: 25285623808).
[W908 14:29:17.284280660 CUDACachingAllocator.cpp:508] expandable_segments: memory mapping failed with OOM on device 0 while trying to map 20971520 bytes (free: 5505024, total: 25285623808).
[W908 14:29:17.296595677 CUDACachingAllocator.cpp:508] expandable_segments: memory mapping failed with OOM on device 0 while trying to map 20971520 bytes (free: 5505024, total: 25285623808).
[W908 14:29:17.304927567 CUDACachingAllocator.cpp:508] expandable_segments: memory mapping failed with OOM on device 0 while trying to map 20971520 bytes (free: 5505024, total: 25285623808).
[W908 14:29:17.315029076 CUDACachingAllocator.cpp:508] expandable_segments: memory mapping failed with OOM on device 0 while trying to map 20971520 bytes (free: 5505024, total: 25285623808).
[W908 14:29:17.325282339 CUDACachingAllocator.cpp:508] expandable_segments: memory mapping failed with OOM on device 0 while trying to map 20971520 bytes (free: 5505024, total: 25285623808).
[W908 14:29:17.350178264 CUDACachingAllocator.cpp:508] expandable_segments: memory mapping failed with OOM on device 0 while trying to map 20971520 bytes (free: 5505024, total: 25285623808).
[W908 14:29:17.357746342 CUDACachingAllocator.cpp:508] expandable_segments: memory mapping failed with OOM on device 0 while trying to map 20971520 bytes (free: 5505024, total: 25285623808).
[W908 14:29:17.365196636 CUDACachingAllocator.cpp:508] expandable_segments: memory mapping failed with OOM on device 0 while trying to map 20971520 bytes (free: 5505024, total: 25285623808).
[W908 14:29:17.374721646 CUDACachingAllocator.cpp:508] expandable_segments: memory mapping failed with OOM on device 0 while trying to map 20971520 bytes (free: 5505024, total: 25285623808).
[W908 14:29:17.391666195 CUDACachingAllocator.cpp:508] expandable_segments: memory mapping failed with OOM on device 0 while trying to map 20971520 bytes (free: 5505024, total: 25285623808).
[W908 14:29:17.411894966 CUDACachingAllocator.cpp:508] expandable_segments: memory mapping failed with OOM on device 0 while trying to map 20971520 bytes (free: 5505024, total: 25285623808).
[W908 14:29:17.418128783 CUDACachingAllocator.cpp:508] expandable_segments: memory mapping failed with OOM on device 0 while trying to map 20971520 bytes (free: 5505024, total: 25285623808).
[W908 14:29:17.427102264 CUDACachingAllocator.cpp:508] expandable_segments: memory mapping failed with OOM on device 0 while trying to map 20971520 bytes (free: 5505024, total: 25285623808).
[W908 14:29:17.437552079 CUDACachingAllocator.cpp:508] expandable_segments: memory mapping failed with OOM on device 0 while trying to map 20971520 bytes (free: 5505024, total: 25285623808).
[W908 14:29:17.451963013 CUDACachingAllocator.cpp:508] expandable_segments: memory mapping failed with OOM on device 0 while trying to map 20971520 bytes (free: 5505024, total: 25285623808).
[W908 14:29:17.483626250 CUDACachingAllocator.cpp:508] expandable_segments: memory mapping failed with OOM on device 0 while trying to map 20971520 bytes (free: 5505024, total: 25285623808).
[W908 14:29:17.498839062 CUDACachingAllocator.cpp:508] expandable_segments: memory mapping failed with OOM on device 0 while trying to map 20971520 bytes (free: 5505024, total: 25285623808).
[W908 14:29:17.512752844 CUDACachingAllocator.cpp:508] expandable_segments: memory mapping failed with OOM on device 0 while trying to map 20971520 bytes (free: 5505024, total: 25285623808).
[W908 14:29:17.525104369 CUDACachingAllocator.cpp:508] expandable_segments: memory mapping failed with OOM on device 0 while trying to map 20971520 bytes (free: 5505024, total: 25285623808).
[W908 14:29:17.537289400 CUDACachingAllocator.cpp:508] expandable_segments: memory mapping failed with OOM on device 0 while trying to map 20971520 bytes (free: 5505024, total: 25285623808).
[W908 14:29:17.547326497 CUDACachingAllocator.cpp:508] expandable_segments: memory mapping failed with OOM on device 0 while trying to map 20971520 bytes (free: 5505024, total: 25285623808).
[W908 14:29:17.556292823 CUDACachingAllocator.cpp:508] expandable_segments: memory mapping failed with OOM on device 0 while trying to map 20971520 bytes (free: 5505024, total: 25285623808).
[W908 14:29:17.567028603 CUDACachingAllocator.cpp:508] expandable_segments: memory mapping failed with OOM on device 0 while trying to map 20971520 bytes (free: 5505024, total: 25285623808).
[W908 14:29:17.575461847 CUDACachingAllocator.cpp:508] expandable_segments: memory mapping failed with OOM on device 0 while trying to map 20971520 bytes (free: 5505024, total: 25285623808).
[W908 14:29:17.584814644 CUDACachingAllocator.cpp:508] expandable_segments: memory mapping failed with OOM on device 0 while trying to map 20971520 bytes (free: 5505024, total: 25285623808).
[W908 14:29:17.596324309 CUDACachingAllocator.cpp:508] expandable_segments: memory mapping failed with OOM on device 0 while trying to map 20971520 bytes (free: 5505024, total: 25285623808).
[W908 14:29:17.616864087 CUDACachingAllocator.cpp:508] expandable_segments: memory mapping failed with OOM on device 0 while trying to map 20971520 bytes (free: 5505024, total: 25285623808).
[W908 14:29:17.628120071 CUDACachingAllocator.cpp:508] expandable_segments: memory mapping failed with OOM on device 0 while trying to map 20971520 bytes (free: 5505024, total: 25285623808).
[W908 14:29:17.646826871 CUDACachingAllocator.cpp:508] expandable_segments: memory mapping failed with OOM on device 0 while trying to map 20971520 bytes (free: 5505024, total: 25285623808).
[W908 14:29:17.664440665 CUDACachingAllocator.cpp:508] expandable_segments: memory mapping failed with OOM on device 0 while trying to map 20971520 bytes (free: 5505024, total: 25285623808).
[W908 14:29:17.676578866 CUDACachingAllocator.cpp:508] expandable_segments: memory mapping failed with OOM on device 0 while trying to map 20971520 bytes (free: 5505024, total: 25285623808).
[W908 14:29:17.684969671 CUDACachingAllocator.cpp:508] expandable_segments: memory mapping failed with OOM on device 0 while trying to map 20971520 bytes (free: 5505024, total: 25285623808).
[W908 14:29:17.697122626 CUDACachingAllocator.cpp:508] expandable_segments: memory mapping failed with OOM on device 0 while trying to map 20971520 bytes (free: 5505024, total: 25285623808).
[W908 14:29:17.706316176 CUDACachingAllocator.cpp:508] expandable_segments: memory mapping failed with OOM on device 0 while trying to map 20971520 bytes (free: 5505024, total: 25285623808).
[W908 14:29:17.715095330 CUDACachingAllocator.cpp:508] expandable_segments: memory mapping failed with OOM on device 0 while trying to map 20971520 bytes (free: 5505024, total: 25285623808).
[W908 14:29:17.722073472 CUDACachingAllocator.cpp:508] expandable_segments: memory mapping failed with OOM on device 0 while trying to map 20971520 bytes (free: 5505024, total: 25285623808).
[W908 14:29:17.731593389 CUDACachingAllocator.cpp:508] expandable_segments: memory mapping failed with OOM on device 0 while trying to map 20971520 bytes (free: 5505024, total: 25285623808).
[W908 14:29:20.794977398 CUDACachingAllocator.cpp:508] expandable_segments: memory mapping failed with OOM on device 0 while trying to map 20971520 bytes (free: 3407872, total: 25285623808).
[W908 14:29:21.291572394 CUDACachingAllocator.cpp:508] expandable_segments: memory mapping failed with OOM on device 0 while trying to map 20971520 bytes (free: 7602176, total: 25285623808).
[W908 14:29:21.366910154 CUDACachingAllocator.cpp:508] expandable_segments: memory mapping failed with OOM on device 0 while trying to map 20971520 bytes (free: 7602176, total: 25285623808).
[W908 14:29:21.487142669 CUDACachingAllocator.cpp:508] expandable_segments: memory mapping failed with OOM on device 0 while trying to map 20971520 bytes (free: 7602176, total: 25285623808).
Traceback (most recent call last):
  File "/home/users/btf12/reward-adaptive-steering/src/synth_swing.py", line 112, in <module>
    main()
  File "/home/users/btf12/reward-adaptive-steering/src/synth_swing.py", line 105, in main
    phase_gen(base_cfg, cfg, model, tok, shard)
  File "/home/users/btf12/reward-adaptive-steering/src/synth_swing.py", line 62, in phase_gen
    outs = _gen_multiturn(model, tok, convs, gen, sysmsg)
           ^^^^^^^^^^^^^^^^^^^^^^^^^^^^^^^^^^^^^^^^^^^^^^
  File "/usr/xtmp/btf12/ras_venv/lib/python3.11/site-packages/torch/utils/_contextlib.py", line 124, in decorate_context
    return func(*args, **kwargs)
           ^^^^^^^^^^^^^^^^^^^^^
  File "/home/users/btf12/reward-adaptive-steering/src/mt_swing.py", line 50, in _gen_multiturn
    out = model.generate(**enc, max_new_tokens=gen["max_new_tokens"], do_sample=True,
          ^^^^^^^^^^^^^^^^^^^^^^^^^^^^^^^^^^^^^^^^^^^^^^^^^^^^^^^^^^^^^^^^^^^^^^^^^^^
  File "/usr/xtmp/btf12/ras_venv/lib/python3.11/site-packages/torch/utils/_contextlib.py", line 124, in decorate_context
    return func(*args, **kwargs)
           ^^^^^^^^^^^^^^^^^^^^^
  File "/usr/xtmp/btf12/ras_venv/lib/python3.11/site-packages/transformers/generation/utils.py", line 2668, in generate
    result = decoding_method(
             ^^^^^^^^^^^^^^^^
  File "/usr/xtmp/btf12/ras_venv/lib/python3.11/site-packages/transformers/generation/utils.py", line 2868, in _sample
    outputs = self._prefill(
              ^^^^^^^^^^^^^^
  File "/usr/xtmp/btf12/ras_venv/lib/python3.11/site-packages/transformers/generation/utils.py", line 3948, in _prefill
    return self(**model_inputs, return_dict=True)
           ^^^^^^^^^^^^^^^^^^^^^^^^^^^^^^^^^^^^^^
  File "/usr/xtmp/btf12/ras_venv/lib/python3.11/site-packages/torch/nn/modules/module.py", line 1778, in _wrapped_call_impl
    return self._call_impl(*args, **kwargs)
           ^^^^^^^^^^^^^^^^^^^^^^^^^^^^^^^^
  File "/usr/xtmp/btf12/ras_venv/lib/python3.11/site-packages/torch/nn/modules/module.py", line 1789, in _call_impl
    return forward_call(*args, **kwargs)
           ^^^^^^^^^^^^^^^^^^^^^^^^^^^^^
  File "/usr/xtmp/btf12/ras_venv/lib/python3.11/site-packages/transformers/utils/generic.py", line 939, in wrapper
    output = func(self, *args, **kwargs)
             ^^^^^^^^^^^^^^^^^^^^^^^^^^^
  File "/usr/xtmp/btf12/ras_venv/lib/python3.11/site-packages/transformers/models/olmo3/modeling_olmo3.py", line 502, in forward
    outputs: BaseModelOutputWithPast = self.model(
                                       ^^^^^^^^^^^
  File "/usr/xtmp/btf12/ras_venv/lib/python3.11/site-packages/torch/nn/modules/module.py", line 1778, in _wrapped_call_impl
    return self._call_impl(*args, **kwargs)
           ^^^^^^^^^^^^^^^^^^^^^^^^^^^^^^^^
  File "/usr/xtmp/btf12/ras_venv/lib/python3.11/site-packages/torch/nn/modules/module.py", line 1789, in _call_impl
    return forward_call(*args, **kwargs)
           ^^^^^^^^^^^^^^^^^^^^^^^^^^^^^
  File "/usr/xtmp/btf12/ras_venv/lib/python3.11/site-packages/transformers/utils/generic.py", line 1068, in wrapper
    output = func(self, *args, **kwargs)
             ^^^^^^^^^^^^^^^^^^^^^^^^^^^
  File "/usr/xtmp/btf12/ras_venv/lib/python3.11/site-packages/transformers/utils/output_capturing.py", line 262, in wrapper
    outputs = func(self, *args, **kwargs)
              ^^^^^^^^^^^^^^^^^^^^^^^^^^^
  File "/usr/xtmp/btf12/ras_venv/lib/python3.11/site-packages/transformers/models/olmo3/modeling_olmo3.py", line 439, in forward
    hidden_states = decoder_layer(
                    ^^^^^^^^^^^^^^
  File "/usr/xtmp/btf12/ras_venv/lib/python3.11/site-packages/transformers/modeling_layers.py", line 114, in __call__
    return super().__call__(*args, **kwargs)
           ^^^^^^^^^^^^^^^^^^^^^^^^^^^^^^^^^
  File "/usr/xtmp/btf12/ras_venv/lib/python3.11/site-packages/torch/nn/modules/module.py", line 1778, in _wrapped_call_impl
    return self._call_impl(*args, **kwargs)
           ^^^^^^^^^^^^^^^^^^^^^^^^^^^^^^^^
  File "/usr/xtmp/btf12/ras_venv/lib/python3.11/site-packages/torch/nn/modules/module.py", line 1789, in _call_impl
    return forward_call(*args, **kwargs)
           ^^^^^^^^^^^^^^^^^^^^^^^^^^^^^
  File "/usr/xtmp/btf12/ras_venv/lib/python3.11/site-packages/transformers/models/olmo3/modeling_olmo3.py", line 264, in forward
    hidden_states = self.mlp(hidden_states)
                    ^^^^^^^^^^^^^^^^^^^^^^^
  File "/usr/xtmp/btf12/ras_venv/lib/python3.11/site-packages/torch/nn/modules/module.py", line 1778, in _wrapped_call_impl
    return self._call_impl(*args, **kwargs)
           ^^^^^^^^^^^^^^^^^^^^^^^^^^^^^^^^
  File "/usr/xtmp/btf12/ras_venv/lib/python3.11/site-packages/torch/nn/modules/module.py", line 1789, in _call_impl
    return forward_call(*args, **kwargs)
           ^^^^^^^^^^^^^^^^^^^^^^^^^^^^^
  File "/usr/xtmp/btf12/ras_venv/lib/python3.11/site-packages/transformers/models/olmo3/modeling_olmo3.py", line 225, in forward
    down_proj = self.down_proj(self.act_fn(self.gate_proj(x)) * self.up_proj(x))
                               ~~~~~~~~~~~~~~~~~~~~~~~~~~~~~~~^~~~~~~~~~~~~~~~~
torch.OutOfMemoryError: CUDA out of memory. Tried to allocate 338.00 MiB. GPU 0 has a total capacity of 23.55 GiB of which 307.25 MiB is free. Including non-PyTorch memory, this process has 23.24 GiB memory in use. Of the allocated memory 22.54 GiB is allocated by PyTorch, and 459.18 MiB is reserved by PyTorch but unallocated. If reserved but unallocated memory is large try setting PYTORCH_CUDA_ALLOC_CONF=expandable_segments:True to avoid fragmentation.  See documentation for Memory Management  (https://docs.pytorch.org/docs/stable/notes/cuda.html#optimizing-memory-usage-with-pytorch-cuda-alloc-conf)
