Warning: You are sending unauthenticated requests to the HF Hub. Please set a HF_TOKEN to enable higher rate limits and faster downloads.
[transformers] `torch_dtype` is deprecated! Use `dtype` instead!
Loading weights:   0%|          | 0/218 [00:00<?, ?it/s]Loading weights: 100%|██████████| 218/218 [00:00<00:00, 4258.00it/s]
pool -> /home/users/btf12/reward-adaptive-steering/results/steer_cond/pool.jsonl
ref_norm(layer 16) = 710.9; mag cap = 106.6
  [global] epoch 0: mean loss 80.262
  [global] epoch 1: mean loss 79.435
  [global] epoch 2: mean loss 79.985
  [global] epoch 3: mean loss 79.522
  [global] epoch 4: mean loss 79.574
  [global] epoch 5: mean loss 79.510
  [global] epoch 6: mean loss 79.714
  [global] epoch 7: mean loss 79.543
  [global] epoch 8: mean loss 79.556
  [global] epoch 9: mean loss 79.571
  [global] epoch 10: mean loss 79.452
  [global] epoch 11: mean loss 79.600
  [global] epoch 12: mean loss 79.578
  [global] epoch 13: mean loss 79.717
  [global] epoch 14: mean loss 79.579
  [global] epoch 15: mean loss 79.866
  [linear] epoch 0: mean loss 80.265
  [linear] epoch 1: mean loss 79.659
  [linear] epoch 2: mean loss 79.723
  [linear] epoch 3: mean loss 79.578
  [linear] epoch 4: mean loss 79.494
  [linear] epoch 5: mean loss 79.388
  [linear] epoch 6: mean loss 79.549
  [linear] epoch 7: mean loss 79.528
  [linear] epoch 8: mean loss 79.044
  [linear] epoch 9: mean loss 79.758
  [linear] epoch 10: mean loss 79.634
  [linear] epoch 11: mean loss 79.717
  [linear] epoch 12: mean loss 79.552
  [linear] epoch 13: mean loss 79.765
  [linear] epoch 14: mean loss 79.847
  [linear] epoch 15: mean loss 79.157
  [mlp] epoch 0: mean loss 80.333
  [mlp] epoch 1: mean loss 79.883
  [mlp] epoch 2: mean loss 79.320
  [mlp] epoch 3: mean loss 79.964
  [mlp] epoch 4: mean loss 79.430
  [mlp] epoch 5: mean loss 79.251
  [mlp] epoch 6: mean loss 79.492
  [mlp] epoch 7: mean loss 79.711
  [mlp] epoch 8: mean loss 79.567
  [mlp] epoch 9: mean loss 79.743
  [mlp] epoch 10: mean loss 79.534
  [mlp] epoch 11: mean loss 79.581
  [mlp] epoch 12: mean loss 79.533
  [mlp] epoch 13: mean loss 79.831
  [mlp] epoch 14: mean loss 79.698
  [mlp] epoch 15: mean loss 79.536
policies -> /home/users/btf12/reward-adaptive-steering/results/steer_cond/policy_*.pt
# S1.2 — conditional steering controller (type-dependent positive control)

Types A→hedge+, B→hedge− (z-scored φ). SmolLM2-1.7B, steer L16, read L16, rank 2, magnitude FIXED at cap 107 (direction-only routing; coeffs a∈[−1,1]). n=12 pool. Δ-R = on-policy steered − base, held-out.

**Type-separability probe** (linear h(x)→type): train 100%, held-out **73%** — near 100% ⇒ routing signal present (failure would be optimization/reward); ~50% ⇒ cue washed out.


## Routing — mean coefficient a∈[−1,1] per type (gap = ||a|A − a|B||)
- **global**: a|A = [0.44, -0.89], a|B = [0.44, -0.89] → gap **0.00**
- **linear**: a|A = [-1.0, -1.0], a|B = [-1.0, -1.0] → gap **0.00**
- **mlp**: a|A = [-1.0, -1.0], a|B = [-1.0, -1.0] → gap **0.00**

## Recovery — realized φ (steered − base) by type; A wants hedge↑, B wants questions↑
- **global** type A: Δwords +2.54, Δhedge +0.08, Δquestions -0.10
- **global** type B: Δwords +2.55, Δhedge +0.15, Δquestions +0.08
- **linear** type A: Δwords +2.22, Δhedge +0.26, Δquestions -0.02
- **linear** type B: Δwords +0.75, Δhedge +0.18, Δquestions +0.14
- **mlp** type A: Δwords +3.58, Δhedge -0.04, Δquestions -0.05
- **mlp** type B: Δwords +2.40, Δhedge -0.02, Δquestions -0.02

## Reading
Conditioning value = best conditional Δ-R (+0.054, linear) − global Δ-R (-0.048) = **+0.102**.
Routing gaps: linear 0.00, mlp 0.00 (need ≥ 0.3 to count as conditioning, not a stronger global vector).
**S1.2 NOT green**: requires a conditional arm with routing gap ≥ 0.3 AND Δ-R > global AND a legible type signal (probe > 75%). Not met — arms that beat global without a routing gap are just stronger GLOBAL vectors (prompt-distribution artifact), not conditioning; a low probe would mean the cue is washed out.

report -> /home/users/btf12/reward-adaptive-steering/basis/s1_cond_report.md
{'ts': '2026-08-11T12:55:18', 'stage': 'S1', 'event': 'steer_cond_all', 'wall_s': 1918.54, 'peak_rss_gb': 0.004, 'mps_driver_gb': None, 'cuda_peak_gb': 13.29, 'gpu': 'NVIDIA RTX A5000', 'device': 'cuda', 'notes': 'conditional controller, type-dependent positive control'}
DONE — commit and push results/steer_cond/, basis/s1_cond_report.md, results/cost_log.jsonl, slurm log.
