Warning: You are sending unauthenticated requests to the HF Hub. Please set a HF_TOKEN to enable higher rate limits and faster downloads.
[transformers] `torch_dtype` is deprecated! Use `dtype` instead!
Loading weights:   0%|          | 0/339 [00:00<?, ?it/s]Loading weights:  63%|██████▎   | 215/339 [00:00<00:00, 2108.68it/s]Loading weights: 100%|██████████| 339/339 [00:00<00:00, 2125.84it/s]
  shard 3: 25/589
  shard 3: 50/589
  shard 3: 75/589
  shard 3: 100/589
  shard 3: 125/589
  shard 3: 150/589
  shard 3: 175/589
  shard 3: 200/589
  shard 3: 225/589
  shard 3: 250/589
  shard 3: 275/589
  shard 3: 300/589
  shard 3: 325/589
  shard 3: 350/589
  shard 3: 375/589
  shard 3: 400/589
  shard 3: 425/589
  shard 3: 450/589
  shard 3: 475/589
  shard 3: 500/589
  shard 3: 525/589
  shard 3: 550/589
  shard 3: 575/589
likelihood shard 3 -> /home/users/btf12/reward-adaptive-steering/results/likelihood_smoke_7b/shard_3.jsonl
{'ts': '2026-09-01T10:18:36', 'stage': 'S1', 'event': 'likelihood_smoke', 'wall_s': 567.27, 'peak_rss_gb': 0.005, 'mps_driver_gb': None, 'cuda_peak_gb': 16.443, 'gpu': 'NVIDIA RTX A5000', 'device': 'cuda', 'notes': 'preference-shift verify (teacher-forced)'}
likelihood smoke shard 3 done
