Warning: You are sending unauthenticated requests to the HF Hub. Please set a HF_TOKEN to enable higher rate limits and faster downloads.
[transformers] `torch_dtype` is deprecated! Use `dtype` instead!
Loading weights:   0%|          | 0/339 [00:00<?, ?it/s]Loading weights: 100%|██████████| 339/339 [00:00<00:00, 3797.60it/s]
  shard 2: 25/590
  shard 2: 50/590
  shard 2: 75/590
  shard 2: 100/590
  shard 2: 125/590
  shard 2: 150/590
  shard 2: 175/590
  shard 2: 200/590
  shard 2: 225/590
  shard 2: 250/590
  shard 2: 275/590
  shard 2: 300/590
  shard 2: 325/590
  shard 2: 350/590
  shard 2: 375/590
  shard 2: 400/590
  shard 2: 425/590
  shard 2: 450/590
  shard 2: 475/590
  shard 2: 500/590
  shard 2: 525/590
  shard 2: 550/590
  shard 2: 575/590
likelihood shard 2 -> /home/users/btf12/reward-adaptive-steering/results/likelihood_smoke_7b/shard_2.jsonl
{'ts': '2026-09-01T10:18:39', 'stage': 'S1', 'event': 'likelihood_smoke', 'wall_s': 570.02, 'peak_rss_gb': 0.005, 'mps_driver_gb': None, 'cuda_peak_gb': 16.443, 'gpu': 'NVIDIA RTX A5000', 'device': 'cuda', 'notes': 'preference-shift verify (teacher-forced)'}
likelihood smoke shard 2 done
