Warning: You are sending unauthenticated requests to the HF Hub. Please set a HF_TOKEN to enable higher rate limits and faster downloads.
[transformers] `torch_dtype` is deprecated! Use `dtype` instead!
Loading weights:   0%|          | 0/218 [00:00<?, ?it/s]Loading weights: 100%|██████████| 218/218 [00:00<00:00, 4106.47it/s]
pool -> /home/users/btf12/reward-adaptive-steering/results/steer_learn_capsweep/pool.jsonl
ref_norm(layer 16) = 777.9; mag cap = 194.5
epoch 0: mean loss 115.186 | ||delta|| 169.0
epoch 1: mean loss 101.230 | ||delta|| 152.6
epoch 2: mean loss 95.701 | ||delta|| 139.9
epoch 3: mean loss 92.426 | ||delta|| 129.9
epoch 4: mean loss 90.346 | ||delta|| 122.3
epoch 5: mean loss 88.808 | ||delta|| 116.2
epoch 6: mean loss 87.715 | ||delta|| 111.3
epoch 7: mean loss 86.906 | ||delta|| 107.8
learned V -> /home/users/btf12/reward-adaptive-steering/results/steer_learn_capsweep/V.pt
# S1.1 — learned reward-driven steering (synthetic positive control)

Target e* over ('words', 'hedge_per100', 'questions_per100') = [-1.0, 1.0, 0.0] (z-scored). SmolLM2-1.7B, layer 16, mag cap 194 (=0.25·ref 778), rank 1 global.

## On-policy reward (held-out test prompts)
- base R:   **+0.072**
- steered R: **+0.549**
- **Δ-R = +0.477 [+0.215, +0.780]**  (95% boot CI; per-prompt paired; 21/32 prompts up)
- train-pool best-of-12 ceiling: +1.649

## Recovery — realized φ shift (steered − base), should align with e*

## Cosine of learned direction to contrastive axes
- warm_neutral: -0.04
- challenge_accommodate: -0.03
- cautious_direct: -0.02
- inquire_proceed: -0.02
- elaborate_concise: +0.01
- formal_casual: +0.01
- hedge_assert: -0.01

## Reading
GREEN-for-S1.1: Δ-R > 0 on held-out prompts AND φ moves toward e* — the RWR machinery learns a reward-aligned steering direction from scratch. This is the machinery check before the real RM (S1.2).

report -> /home/users/btf12/reward-adaptive-steering/basis/s1_synth_capsweep_report.md
{'ts': '2026-08-10T17:27:38', 'stage': 'S1', 'event': 'steer_learn_all', 'wall_s': 390.49, 'peak_rss_gb': 0.004, 'mps_driver_gb': None, 'cuda_peak_gb': 13.633, 'gpu': 'NVIDIA RTX A5000', 'device': 'cuda', 'notes': 'synthetic positive control capsweep'}
DONE — commit and push results/steer_learn*/, basis/s1_synth*_report.md, results/cost_log.jsonl, slurm log.
