Warning: You are sending unauthenticated requests to the HF Hub. Please set a HF_TOKEN to enable higher rate limits and faster downloads.
[transformers] `torch_dtype` is deprecated! Use `dtype` instead!
Loading weights:   0%|          | 0/339 [00:00<?, ?it/s]Loading weights:  73%|███████▎  | 249/339 [00:00<00:00, 2477.62it/s]Loading weights: 100%|██████████| 339/339 [00:00<00:00, 2308.01it/s]
  call 1/250: +10 (total 10)
  call 2/250: +10 (total 20)
  call 3/250: +3 (total 23)
  call 4/250: +10 (total 33)
  call 5/250: +10 (total 43)
  call 6/250: +10 (total 53)
  call 7/250: +10 (total 63)
  call 8/250: +10 (total 73)
  call 9/250: +10 (total 83)
  call 10/250: +10 (total 93)
  call 11/250: +10 (total 103)
  call 12/250: +10 (total 113)
  call 13/250: +10 (total 123)
  call 14/250: +10 (total 133)
  call 15/250: +11 (total 144)
  call 16/250: +10 (total 154)
  call 17/250: +10 (total 164)
  call 18/250: +10 (total 174)
  call 19/250: +10 (total 184)
  call 20/250: +10 (total 194)
  call 21/250: +10 (total 204)
  call 22/250: +10 (total 214)
  call 23/250: +10 (total 224)
  call 24/250: +10 (total 234)
  call 25/250: +10 (total 244)
  call 26/250: +10 (total 254)
  call 27/250: +10 (total 264)
  call 28/250: +10 (total 274)
  call 29/250: +10 (total 284)
  call 30/250: +10 (total 294)
  call 31/250: +10 (total 304)
  call 32/250: +10 (total 314)
  call 33/250: +10 (total 324)
  call 34/250: +10 (total 334)
  call 35/250: +11 (total 345)
  call 36/250: +10 (total 355)
  call 37/250: +10 (total 365)
  call 38/250: +10 (total 375)
  call 39/250: +10 (total 385)
  call 40/250: +10 (total 395)
  call 41/250: +10 (total 405)
  call 42/250: +10 (total 415)
  call 43/250: +10 (total 425)
  call 44/250: +10 (total 435)
  call 45/250: +10 (total 445)
  call 46/250: +10 (total 455)
  call 47/250: +10 (total 465)
  call 48/250: +10 (total 475)
  call 49/250: +10 (total 485)
  call 50/250: +10 (total 495)
  call 51/250: +11 (total 506)
  call 52/250: +10 (total 516)
  call 53/250: +10 (total 526)
  call 54/250: +10 (total 536)
  call 55/250: +10 (total 546)
  call 56/250: +10 (total 556)
  call 57/250: +10 (total 566)
  call 58/250: +10 (total 576)
  call 59/250: +10 (total 586)
  call 60/250: +10 (total 596)
  call 61/250: +10 (total 606)
  call 62/250: +10 (total 616)
  call 63/250: +11 (total 627)
  call 64/250: +10 (total 637)
  call 65/250: +10 (total 647)
  call 66/250: +10 (total 657)
  call 67/250: +10 (total 667)
  call 68/250: +10 (total 677)
  call 69/250: +10 (total 687)
  call 70/250: +10 (total 697)
  call 71/250: +10 (total 707)
  call 72/250: +11 (total 718)
  call 73/250: +10 (total 728)
  call 74/250: +10 (total 738)
  call 75/250: +10 (total 748)
  call 76/250: +10 (total 758)
  call 77/250: +10 (total 768)
  call 78/250: +10 (total 778)
  call 79/250: +10 (total 788)
  call 80/250: +10 (total 798)
  call 81/250: +10 (total 808)
  call 82/250: +10 (total 818)
  call 83/250: +10 (total 828)
  call 84/250: +10 (total 838)
  call 85/250: +10 (total 848)
  call 86/250: +10 (total 858)
  call 87/250: +10 (total 868)
  call 88/250: +10 (total 878)
  call 89/250: +10 (total 888)
  call 90/250: +11 (total 899)
  call 91/250: +2 (total 901)
  call 92/250: +11 (total 912)
  call 93/250: +10 (total 922)
  call 94/250: +10 (total 932)
  call 95/250: +10 (total 942)
  call 96/250: +10 (total 952)
  call 97/250: +10 (total 962)
  call 98/250: +10 (total 972)
  call 99/250: +10 (total 982)
  call 100/250: +10 (total 992)
  call 101/250: +10 (total 1002)
  call 102/250: +10 (total 1012)
  call 103/250: +10 (total 1022)
  call 104/250: +10 (total 1032)
  call 105/250: +10 (total 1042)
  call 106/250: +10 (total 1052)
  call 107/250: +10 (total 1062)
  call 108/250: +10 (total 1072)
  call 109/250: +10 (total 1082)
  call 110/250: +10 (total 1092)
  call 111/250: +10 (total 1102)
  call 112/250: +12 (total 1114)
  call 113/250: +10 (total 1124)
  call 114/250: +10 (total 1134)
  call 115/250: +10 (total 1144)
  call 116/250: +10 (total 1154)
  call 117/250: +12 (total 1166)
  call 118/250: +10 (total 1176)
  call 119/250: +10 (total 1186)
  call 120/250: +10 (total 1196)
  call 121/250: +10 (total 1206)
  call 122/250: +10 (total 1216)
  call 123/250: +10 (total 1226)
  call 124/250: +10 (total 1236)
  call 125/250: +10 (total 1246)
  call 126/250: +10 (total 1256)
  call 127/250: +10 (total 1266)
  call 128/250: +10 (total 1276)
  call 129/250: +10 (total 1286)
  call 130/250: +10 (total 1296)
  call 131/250: +9 (total 1305)
  call 132/250: +10 (total 1315)
  call 133/250: +10 (total 1325)
  call 134/250: +10 (total 1335)
  call 135/250: +10 (total 1345)
  call 136/250: +10 (total 1355)
  call 137/250: +10 (total 1365)
  call 138/250: +10 (total 1375)
  call 139/250: +10 (total 1385)
  call 140/250: +10 (total 1395)
  call 141/250: +10 (total 1405)
  call 142/250: +10 (total 1415)
  call 143/250: +10 (total 1425)
  call 144/250: +10 (total 1435)
  call 145/250: +10 (total 1445)
  call 146/250: +10 (total 1455)
  call 147/250: +10 (total 1465)
  call 148/250: +10 (total 1475)
  call 149/250: +10 (total 1485)
  call 150/250: +10 (total 1495)
  call 151/250: +10 (total 1505)
  call 152/250: +10 (total 1515)
  call 153/250: +10 (total 1525)
  call 154/250: +10 (total 1535)
  call 155/250: +10 (total 1545)
  call 156/250: +10 (total 1555)
  call 157/250: +10 (total 1565)
  call 158/250: +10 (total 1575)
  call 159/250: +10 (total 1585)
  call 160/250: +10 (total 1595)
  call 161/250: +10 (total 1605)
  call 162/250: +10 (total 1615)
  call 163/250: +10 (total 1625)
  call 164/250: +10 (total 1635)
  call 165/250: +10 (total 1645)
  call 166/250: +10 (total 1655)
  call 167/250: +10 (total 1665)
  call 168/250: +10 (total 1675)
  call 169/250: +9 (total 1684)
  call 170/250: +10 (total 1694)
  call 171/250: +10 (total 1704)
  call 172/250: +10 (total 1714)
  call 173/250: +10 (total 1724)
  call 174/250: +10 (total 1734)
  call 175/250: +10 (total 1744)
  call 176/250: +10 (total 1754)
  call 177/250: +10 (total 1764)
  call 178/250: +10 (total 1774)
  call 179/250: +10 (total 1784)
  call 180/250: +10 (total 1794)
  call 181/250: +10 (total 1804)
  call 182/250: +10 (total 1814)
  call 183/250: +10 (total 1824)
  call 184/250: +10 (total 1834)
  call 185/250: +10 (total 1844)
  call 186/250: +10 (total 1854)
  call 187/250: +10 (total 1864)
  call 188/250: +10 (total 1874)
  call 189/250: +10 (total 1884)
  call 190/250: +10 (total 1894)
  call 191/250: +10 (total 1904)
  call 192/250: +10 (total 1914)
  call 193/250: +10 (total 1924)
  call 194/250: +9 (total 1933)
  call 195/250: +10 (total 1943)
  call 196/250: +10 (total 1953)
  call 197/250: +10 (total 1963)
  call 198/250: +10 (total 1973)
  call 199/250: +10 (total 1983)
  call 200/250: +10 (total 1993)
  call 201/250: +10 (total 2003)
  call 202/250: +10 (total 2013)
  call 203/250: +10 (total 2023)
  call 204/250: +14 (total 2037)
  call 205/250: +10 (total 2047)
  call 206/250: +10 (total 2057)
  call 207/250: +10 (total 2067)
  call 208/250: +10 (total 2077)
  call 209/250: +10 (total 2087)
  call 210/250: +10 (total 2097)
  call 211/250: +10 (total 2107)
  call 212/250: +10 (total 2117)
  call 213/250: +10 (total 2127)
  call 214/250: +10 (total 2137)
  call 215/250: +10 (total 2147)
  call 216/250: +10 (total 2157)
  call 217/250: +10 (total 2167)
  call 218/250: +10 (total 2177)
  call 219/250: +10 (total 2187)
  call 220/250: +10 (total 2197)
  call 221/250: +10 (total 2207)
  call 222/250: +10 (total 2217)
  call 223/250: +10 (total 2227)
  call 224/250: +10 (total 2237)
  call 225/250: +10 (total 2247)
  call 226/250: +10 (total 2257)
  call 227/250: +14 (total 2271)
  call 228/250: +10 (total 2281)
  call 229/250: +10 (total 2291)
  call 230/250: +10 (total 2301)
  call 231/250: +10 (total 2311)
  call 232/250: +10 (total 2321)
  call 233/250: +10 (total 2331)
  call 234/250: +10 (total 2341)
  call 235/250: +11 (total 2352)
  call 236/250: +10 (total 2362)
  call 237/250: +10 (total 2372)
  call 238/250: +10 (total 2382)
  call 239/250: +10 (total 2392)
  call 240/250: +10 (total 2402)
  call 241/250: +10 (total 2412)
  call 242/250: +11 (total 2423)
  call 243/250: +10 (total 2433)
  call 244/250: +10 (total 2443)
  call 245/250: +10 (total 2453)
  call 246/250: +10 (total 2463)
  call 247/250: +10 (total 2473)
  call 248/250: +10 (total 2483)
  call 249/250: +10 (total 2493)
  call 250/250: +10 (total 2503)

2503 raw -> 2359 exact-unique -> /home/users/btf12/reward-adaptive-steering/configs/candidates_raw_7b.txt
provenance (candidate -> 3 source prompts) -> configs/candidates_raw_7b.provenance.json

sample:
  - Focus on clarifying misunderstandings before providing information.
  - Avoid assuming details not explicitly stated in the question.
  - Use clear and precise language to avoid ambiguity.
  - Provide context to enhance understanding.
  - Highlight key points to guide the reader effectively.
  - Offer practical examples where relevant to illustrate your point.
  - Encourage critical thinking by posing questions rather than stating facts.
  - Structure your response logically to improve readability.
gencands done — inspect configs/candidates_raw_7b.txt; commit raw + provenance.
